Archive member included to satisfy reference by file (symbol)

/opt/st/stm32cubeide_1.15.1_2/plugins/com.st.stm32cube.ide.mcu.externaltools.gnu-tools-for-stm32.12.3.rel1.linux64_1.0.100.202403111256/tools/bin/../lib/gcc/arm-none-eabi/12.3.1/../../../../arm-none-eabi/lib/thumb/v7e-m+fp/hard/libc_nano.a(libc_a-exit.o)
                              /opt/st/stm32cubeide_1.15.1_2/plugins/com.st.stm32cube.ide.mcu.externaltools.gnu-tools-for-stm32.12.3.rel1.linux64_1.0.100.202403111256/tools/bin/../lib/gcc/arm-none-eabi/12.3.1/../../../../arm-none-eabi/lib/thumb/v7e-m+fp/hard/crt0.o (exit)
/opt/st/stm32cubeide_1.15.1_2/plugins/com.st.stm32cube.ide.mcu.externaltools.gnu-tools-for-stm32.12.3.rel1.linux64_1.0.100.202403111256/tools/bin/../lib/gcc/arm-none-eabi/12.3.1/../../../../arm-none-eabi/lib/thumb/v7e-m+fp/hard/libc_nano.a(libc_a-malloc.o)
                              ./cJSON/cJSON.o (malloc)
/opt/st/stm32cubeide_1.15.1_2/plugins/com.st.stm32cube.ide.mcu.externaltools.gnu-tools-for-stm32.12.3.rel1.linux64_1.0.100.202403111256/tools/bin/../lib/gcc/arm-none-eabi/12.3.1/../../../../arm-none-eabi/lib/thumb/v7e-m+fp/hard/libc_nano.a(libc_a-mallocr.o)
                              /opt/st/stm32cubeide_1.15.1_2/plugins/com.st.stm32cube.ide.mcu.externaltools.gnu-tools-for-stm32.12.3.rel1.linux64_1.0.100.202403111256/tools/bin/../lib/gcc/arm-none-eabi/12.3.1/../../../../arm-none-eabi/lib/thumb/v7e-m+fp/hard/libc_nano.a(libc_a-malloc.o) (_malloc_r)
/opt/st/stm32cubeide_1.15.1_2/plugins/com.st.stm32cube.ide.mcu.externaltools.gnu-tools-for-stm32.12.3.rel1.linux64_1.0.100.202403111256/tools/bin/../lib/gcc/arm-none-eabi/12.3.1/../../../../arm-none-eabi/lib/thumb/v7e-m+fp/hard/libc_nano.a(libc_a-mlock.o)
                              /opt/st/stm32cubeide_1.15.1_2/plugins/com.st.stm32cube.ide.mcu.externaltools.gnu-tools-for-stm32.12.3.rel1.linux64_1.0.100.202403111256/tools/bin/../lib/gcc/arm-none-eabi/12.3.1/../../../../arm-none-eabi/lib/thumb/v7e-m+fp/hard/libc_nano.a(libc_a-mallocr.o) (__malloc_lock)
/opt/st/stm32cubeide_1.15.1_2/plugins/com.st.stm32cube.ide.mcu.externaltools.gnu-tools-for-stm32.12.3.rel1.linux64_1.0.100.202403111256/tools/bin/../lib/gcc/arm-none-eabi/12.3.1/../../../../arm-none-eabi/lib/thumb/v7e-m+fp/hard/libc_nano.a(libc_a-realloc.o)
                              ./cJSON/cJSON.o (realloc)
/opt/st/stm32cubeide_1.15.1_2/plugins/com.st.stm32cube.ide.mcu.externaltools.gnu-tools-for-stm32.12.3.rel1.linux64_1.0.100.202403111256/tools/bin/../lib/gcc/arm-none-eabi/12.3.1/../../../../arm-none-eabi/lib/thumb/v7e-m+fp/hard/libc_nano.a(libc_a-reallocr.o)
                              /opt/st/stm32cubeide_1.15.1_2/plugins/com.st.stm32cube.ide.mcu.externaltools.gnu-tools-for-stm32.12.3.rel1.linux64_1.0.100.202403111256/tools/bin/../lib/gcc/arm-none-eabi/12.3.1/../../../../arm-none-eabi/lib/thumb/v7e-m+fp/hard/libc_nano.a(libc_a-realloc.o) (_realloc_r)
/opt/st/stm32cubeide_1.15.1_2/plugins/com.st.stm32cube.ide.mcu.externaltools.gnu-tools-for-stm32.12.3.rel1.linux64_1.0.100.202403111256/tools/bin/../lib/gcc/arm-none-eabi/12.3.1/../../../../arm-none-eabi/lib/thumb/v7e-m+fp/hard/libc_nano.a(libc_a-strtod.o)
                              ./cJSON/cJSON.o (strtod)
/opt/st/stm32cubeide_1.15.1_2/plugins/com.st.stm32cube.ide.mcu.externaltools.gnu-tools-for-stm32.12.3.rel1.linux64_1.0.100.202403111256/tools/bin/../lib/gcc/arm-none-eabi/12.3.1/../../../../arm-none-eabi/lib/thumb/v7e-m+fp/hard/libc_nano.a(libc_a-ctype_.o)
                              ./cJSON/cJSON.o (_ctype_)
/opt/st/stm32cubeide_1.15.1_2/plugins/com.st.stm32cube.ide.mcu.externaltools.gnu-tools-for-stm32.12.3.rel1.linux64_1.0.100.202403111256/tools/bin/../lib/gcc/arm-none-eabi/12.3.1/../../../../arm-none-eabi/lib/thumb/v7e-m+fp/hard/libc_nano.a(libc_a-nano-vfprintf_float.o)
                              (_printf_float)
/opt/st/stm32cubeide_1.15.1_2/plugins/com.st.stm32cube.ide.mcu.externaltools.gnu-tools-for-stm32.12.3.rel1.linux64_1.0.100.202403111256/tools/bin/../lib/gcc/arm-none-eabi/12.3.1/../../../../arm-none-eabi/lib/thumb/v7e-m+fp/hard/libc_nano.a(libc_a-nano-vfprintf_i.o)
                              /opt/st/stm32cubeide_1.15.1_2/plugins/com.st.stm32cube.ide.mcu.externaltools.gnu-tools-for-stm32.12.3.rel1.linux64_1.0.100.202403111256/tools/bin/../lib/gcc/arm-none-eabi/12.3.1/../../../../arm-none-eabi/lib/thumb/v7e-m+fp/hard/libc_nano.a(libc_a-nano-vfprintf_float.o) (_printf_common)
/opt/st/stm32cubeide_1.15.1_2/plugins/com.st.stm32cube.ide.mcu.externaltools.gnu-tools-for-stm32.12.3.rel1.linux64_1.0.100.202403111256/tools/bin/../lib/gcc/arm-none-eabi/12.3.1/../../../../arm-none-eabi/lib/thumb/v7e-m+fp/hard/libc_nano.a(libc_a-findfp.o)
                              ./Middlewares/Third_Party/FreeRTOS/Source/tasks.o (__sf)
[...]
Memory Configuration

Name             Origin             Length             Attributes
RAM              0x20000000         0x00020000         xrw
FLASH            0x08000000         0x00080000         xr
*default*        0x00000000         0xffffffff

Linker script and memory map

LOAD /opt/st/stm32cubeide_1.15.1_2/plugins/com.st.stm32cube.ide.mcu.externaltools.gnu-tools-for-stm32.12.3.rel1.linux64_1.0.100.202403111256/tools/bin/../lib/gcc/arm-none-eabi/12.3.1/thumb/v7e-m+fp/hard/crti.o
LOAD /opt/st/stm32cubeide_1.15.1_2/plugins/com.st.stm32cube.ide.mcu.externaltools.gnu-tools-for-stm32.12.3.rel1.linux64_1.0.100.202403111256/tools/bin/../lib/gcc/arm-none-eabi/12.3.1/thumb/v7e-m+fp/hard/crtbegin.o
LOAD /opt/st/stm32cubeide_1.15.1_2/plugins/com.st.stm32cube.ide.mcu.externaltools.gnu-tools-for-stm32.12.3.rel1.linux64_1.0.100.202403111256/tools/bin/../lib/gcc/arm-none-eabi/12.3.1/../../../../arm-none-eabi/lib/thumb/v7e-m+fp/hard/crt0.o
LOAD ./Core/Src/freertos.o
LOAD ./Core/Src/lwpkt_lwrb_uart.o
LOAD ./Core/Src/main.o
LOAD ./Core/Src/stm32f4xx_hal_msp.o
LOAD ./Core/Src/stm32f4xx_hal_timebase_tim.o
LOAD ./Core/Src/stm32f4xx_it.o
LOAD ./Core/Src/syscalls.o
LOAD ./Core/Src/sysmem.o
LOAD ./Core/Src/system_stm32f4xx.o
LOAD ./Core/Startup/startup_stm32f411retx.o
LOAD ./Drivers/STM32F4xx_HAL_Driver/Src/stm32f4xx_hal.o
LOAD ./Drivers/STM32F4xx_HAL_Driver/Src/stm32f4xx_hal_cortex.o
LOAD ./Drivers/STM32F4xx_HAL_Driver/Src/stm32f4xx_hal_dma.o
LOAD ./Drivers/STM32F4xx_HAL_Driver/Src/stm32f4xx_hal_dma_ex.o
LOAD ./Drivers/STM32F4xx_HAL_Driver/Src/stm32f4xx_hal_exti.o
LOAD ./Drivers/STM32F4xx_HAL_Driver/Src/stm32f4xx_hal_flash.o
LOAD ./Drivers/STM32F4xx_HAL_Driver/Src/stm32f4xx_hal_flash_ex.o
LOAD ./Drivers/STM32F4xx_HAL_Driver/Src/stm32f4xx_hal_flash_ramfunc.o
LOAD ./Drivers/STM32F4xx_HAL_Driver/Src/stm32f4xx_hal_gpio.o
LOAD ./Drivers/STM32F4xx_HAL_Driver/Src/stm32f4xx_hal_pwr.o
LOAD ./Drivers/STM32F4xx_HAL_Driver/Src/stm32f4xx_hal_pwr_ex.o
LOAD ./Drivers/STM32F4xx_HAL_Driver/Src/stm32f4xx_hal_rcc.o
LOAD ./Drivers/STM32F4xx_HAL_Driver/Src/stm32f4xx_hal_rcc_ex.o
LOAD ./Drivers/STM32F4xx_HAL_Driver/Src/stm32f4xx_hal_tim.o
LOAD ./Drivers/STM32F4xx_HAL_Driver/Src/stm32f4xx_hal_tim_ex.o
LOAD ./Drivers/STM32F4xx_HAL_Driver/Src/stm32f4xx_hal_uart.o
LOAD ./Middlewares/Third_Party/FreeRTOS/Source/CMSIS_RTOS_V2/cmsis_os2.o
LOAD ./Middlewares/Third_Party/FreeRTOS/Source/croutine.o
LOAD ./Middlewares/Third_Party/FreeRTOS/Source/event_groups.o
LOAD ./Middlewares/Third_Party/FreeRTOS/Source/list.o
LOAD ./Middlewares/Third_Party/FreeRTOS/Source/queue.o
LOAD ./Middlewares/Third_Party/FreeRTOS/Source/stream_buffer.o
LOAD ./Middlewares/Third_Party/FreeRTOS/Source/tasks.o
LOAD ./Middlewares/Third_Party/FreeRTOS/Source/timers.o
LOAD ./Middlewares/Third_Party/FreeRTOS/Source/portable/GCC/ARM_CM4F/port.o
LOAD ./Middlewares/Third_Party/FreeRTOS/Source/portable/MemMang/heap_4.o
LOAD ./cJSON/cJSON.o
LOAD ./cJSON/cJSON_Utils.o
LOAD ./lwpkt/src/lwpkt/lwpkt.o
LOAD ./lwrb/src/lwrb/lwrb.o
LOAD ./lwrb/src/lwrb/lwrb_ex.o
LOAD ./mecanum/mecanum.o
START GROUP
LOAD /opt/st/stm32cubeide_1.15.1_2/plugins/com.st.stm32cube.ide.mcu.externaltools.gnu-tools-for-stm32.12.3.rel1.linux64_1.0.100.202403111256/tools/bin/../lib/gcc/arm-none-eabi/12.3.1/../../../../arm-none-eabi/lib/thumb/v7e-m+fp/hard/libc_nano.a
LOAD /opt/st/stm32cubeide_1.15.1_2/plugins/com.st.stm32cube.ide.mcu.externaltools.gnu-tools-for-stm32.12.3.rel1.linux64_1.0.100.202403111256/tools/bin/../lib/gcc/arm-none-eabi/12.3.1/../../../../arm-none-eabi/lib/thumb/v7e-m+fp/hard/libm.a
END GROUP
START GROUP
LOAD /opt/st/stm32cubeide_1.15.1_2/plugins/com.st.stm32cube.ide.mcu.externaltools.gnu-tools-for-stm32.12.3.rel1.linux64_1.0.100.202403111256/tools/bin/../lib/gcc/arm-none-eabi/12.3.1/thumb/v7e-m+fp/hard/libgcc.a
LOAD /opt/st/stm32cubeide_1.15.1_2/plugins/com.st.stm32cube.ide.mcu.externaltools.gnu-tools-for-stm32.12.3.rel1.linux64_1.0.100.202403111256/tools/bin/../lib/gcc/arm-none-eabi/12.3.1/../../../../arm-none-eabi/lib/thumb/v7e-m+fp/hard/libc_nano.a
END GROUP
START GROUP
LOAD /opt/st/stm32cubeide_1.15.1_2/plugins/com.st.stm32cube.ide.mcu.externaltools.gnu-tools-for-stm32.12.3.rel1.linux64_1.0.100.202403111256/tools/bin/../lib/gcc/arm-none-eabi/12.3.1/thumb/v7e-m+fp/hard/libgcc.a
LOAD /opt/st/stm32cubeide_1.15.1_2/plugins/com.st.stm32cube.ide.mcu.externaltools.gnu-tools-for-stm32.12.3.rel1.linux64_1.0.100.202403111256/tools/bin/../lib/gcc/arm-none-eabi/12.3.1/../../../../arm-none-eabi/lib/thumb/v7e-m+fp/hard/libc_nano.a
LOAD /opt/st/stm32cubeide_1.15.1_2/plugins/com.st.stm32cube.ide.mcu.externaltools.gnu-tools-for-stm32.12.3.rel1.linux64_1.0.100.202403111256/tools/bin/../lib/gcc/arm-none-eabi/12.3.1/../../../../arm-none-eabi/lib/thumb/v7e-m+fp/hard/libnosys.a
END GROUP
START GROUP
LOAD /opt/st/stm32cubeide_1.15.1_2/plugins/com.st.stm32cube.ide.mcu.externaltools.gnu-tools-for-stm32.12.3.rel1.linux64_1.0.100.202403111256/tools/bin/../lib/gcc/arm-none-eabi/12.3.1/thumb/v7e-m+fp/hard/libgcc.a
LOAD /opt/st/stm32cubeide_1.15.1_2/plugins/com.st.stm32cube.ide.mcu.externaltools.gnu-tools-for-stm32.12.3.rel1.linux64_1.0.100.202403111256/tools/bin/../lib/gcc/arm-none-eabi/12.3.1/../../../../arm-none-eabi/lib/thumb/v7e-m+fp/hard/libc_nano.a
LOAD /opt/st/stm32cubeide_1.15.1_2/plugins/com.st.stm32cube.ide.mcu.externaltools.gnu-tools-for-stm32.12.3.rel1.linux64_1.0.100.202403111256/tools/bin/../lib/gcc/arm-none-eabi/12.3.1/../../../../arm-none-eabi/lib/thumb/v7e-m+fp/hard/libnosys.a
END GROUP
LOAD /opt/st/stm32cubeide_1.15.1_2/plugins/com.st.stm32cube.ide.mcu.externaltools.gnu-tools-for-stm32.12.3.rel1.linux64_1.0.100.202403111256/tools/bin/../lib/gcc/arm-none-eabi/12.3.1/thumb/v7e-m+fp/hard/crtend.o
LOAD /opt/st/stm32cubeide_1.15.1_2/plugins/com.st.stm32cube.ide.mcu.externaltools.gnu-tools-for-stm32.12.3.rel1.linux64_1.0.100.202403111256/tools/bin/../lib/gcc/arm-none-eabi/12.3.1/thumb/v7e-m+fp/hard/crtn.o
                0x20020000                        _estack = (ORIGIN (RAM) + LENGTH (RAM))
                0x00000200                        _Min_Heap_Size = 0x200
                0x00000400                        _Min_Stack_Size = 0x400

.isr_vector     0x08000000      0x198
                0x08000000                        . = ALIGN (0x4)
 *(.isr_vector)
 .isr_vector    0x08000000      0x198 ./Core/Startup/startup_stm32f411retx.o
                0x08000000                g_pfnVectors
                0x08000198                        . = ALIGN (0x4)

.text           0x080001a0    0x132f8
                0x080001a0                        . = ALIGN (0x4)
 *(.text)
 .text          0x080001a0       0x40 /opt/st/stm32cubeide_1.15.1_2/plugins/com.st.stm32cube.ide.mcu.externaltools.gnu-tools-for-stm32.12.3.rel1.linux64_1.0.100.202403111256/tools/bin/../lib/gcc/arm-none-eabi/12.3.1/thumb/v7e-m+fp/hard/crtbegin.o
 .text          0x080001e0       0x14 /opt/st/stm32cubeide_1.15.1_2/plugins/com.st.stm32cube.ide.mcu.externaltools.gnu-tools-for-stm32.12.3.rel1.linux64_1.0.100.202403111256/tools/bin/../lib/gcc/arm-none-eabi/12.3.1/../../../../arm-none-eabi/lib/thumb/v7e-m+fp/hard/libc_nano.a(libc_a-strcmp.o)
                0x080001e0                strcmp
 *fill*         0x080001f4        0xc 
 .text          0x08000200       0xa0 /opt/st/stm32cubeide_1.15.1_2/plugins/com.st.stm32cube.ide.mcu.externaltools.gnu-tools-for-stm32.12.3.rel1.linux64_1.0.100.202403111256/tools/bin/../lib/gcc/arm-none-eabi/12.3.1/../../../../arm-none-eabi/lib/thumb/v7e-m+fp/hard/libc_nano.a(libc_a-memchr.o)
                0x08000200                memchr
 .text          0x080002a0       0x10 /opt/st/stm32cubeide_1.15.1_2/plugins/com.st.stm32cube.ide.mcu.externaltools.gnu-tools-for-stm32.12.3.rel1.linux64_1.0.100.202403111256/tools/bin/../lib/gcc/arm-none-eabi/12.3.1/../../../../arm-none-eabi/lib/thumb/v7e-m+fp/hard/libc_nano.a(libc_a-strlen.o)
                0x080002a0                strlen
 .text          0x080002b0      0x378 /opt/st/stm32cubeide_1.15.1_2/plugins/com.st.stm32cube.ide.mcu.externaltools.gnu-tools-for-stm32.12.3.rel1.linux64_1.0.100.202403111256/tools/bin/../lib/gcc/arm-none-eabi/12.3.1/thumb/v7e-m+fp/hard/libgcc.a(_arm_addsubdf3.o)
                0x080002b0                __aeabi_drsub
                0x080002b8                __aeabi_dsub
                0x080002b8                __subdf3
                0x080002bc                __adddf3
                0x080002bc                __aeabi_dadd
                0x08000534                __aeabi_ui2d
                0x08000534                __floatunsidf
                0x08000554                __floatsidf
                0x08000554                __aeabi_i2d
                0x08000578                __extendsfdf2
                0x08000578                __aeabi_f2d
                0x080005bc                __aeabi_ul2d
                0x080005bc                __floatundidf
                0x080005cc                __floatdidf
                0x080005cc                __aeabi_l2d
 .text          0x08000628      0x424 /opt/st/stm32cubeide_1.15.1_2/plugins/com.st.stm32cube.ide.mcu.externaltools.gnu-tools-for-stm32.12.3.rel1.linux64_1.0.100.202403111256/tools/bin/../lib/gcc/arm-none-eabi/12.3.1/thumb/v7e-m+fp/hard/libgcc.a(_arm_muldivdf3.o)
                0x08000628                __aeabi_dmul
                0x08000628                __muldf3
                0x0800087c                __aeabi_ddiv
                0x0800087c                __divdf3
 .text          0x08000a4c      0x110 /opt/st/stm32cubeide_1.15.1_2/plugins/com.st.stm32cube.ide.mcu.externaltools.gnu-tools-for-stm32.12.3.rel1.linux64_1.0.100.202403111256/tools/bin/../lib/gcc/arm-none-eabi/12.3.1/thumb/v7e-m+fp/hard/libgcc.a(_arm_cmpdf2.o)
                0x08000a4c                __gtdf2
                0x08000a4c                __gedf2
                0x08000a54                __ltdf2
                0x08000a54                __ledf2
                0x08000a5c                __cmpdf2
                0x08000a5c                __eqdf2
                0x08000a5c                __nedf2
                0x08000ad8                __aeabi_cdrcmple
                0x08000ae8                __aeabi_cdcmple
                0x08000ae8                __aeabi_cdcmpeq
                0x08000af8                __aeabi_dcmpeq
                0x08000b0c                __aeabi_dcmplt
                0x08000b20                __aeabi_dcmple
                0x08000b34                __aeabi_dcmpge
                0x08000b48                __aeabi_dcmpgt
 .text          0x08000b5c       0x2c /opt/st/stm32cubeide_1.15.1_2/plugins/com.st.stm32cube.ide.mcu.externaltools.gnu-tools-for-stm32.12.3.rel1.linux64_1.0.100.202403111256/tools/bin/../lib/gcc/arm-none-eabi/12.3.1/thumb/v7e-m+fp/hard/libgcc.a(_arm_unorddf2.o)
                0x08000b5c                __aeabi_dcmpun
                0x08000b5c                __unorddf2
 .text          0x08000b88       0x50 /opt/st/stm32cubeide_1.15.1_2/plugins/com.st.stm32cube.ide.mcu.externaltools.gnu-tools-for-stm32.12.3.rel1.linux64_1.0.100.202403111256/tools/bin/../lib/gcc/arm-none-eabi/12.3.1/thumb/v7e-m+fp/hard/libgcc.a(_arm_fixdfsi.o)
                0x08000b88                __fixdfsi
                0x08000b88                __aeabi_d2iz
 .text          0x08000bd8       0x40 /opt/st/stm32cubeide_1.15.1_2/plugins/com.st.stm32cube.ide.mcu.externaltools.gnu-tools-for-stm32.12.3.rel1.linux64_1.0.100.202403111256/tools/bin/../lib/gcc/arm-none-eabi/12.3.1/thumb/v7e-m+fp/hard/libgcc.a(_arm_fixunsdfsi.o)
                0x08000bd8                __fixunsdfsi
                0x08000bd8                __aeabi_d2uiz
 .text          0x08000c18       0xa0 /opt/st/stm32cubeide_1.15.1_2/plugins/com.st.stm32cube.ide.mcu.externaltools.gnu-tools-for-stm32.12.3.rel1.linux64_1.0.100.202403111256/tools/bin/../lib/gcc/arm-none-eabi/12.3.1/thumb/v7e-m+fp/hard/libgcc.a(_arm_truncdfsf2.o)
                0x08000c18                __aeabi_d2f
                0x08000c18                __truncdfsf2
 .text          0x08000cb8       0x30 /opt/st/stm32cubeide_1.15.1_2/plugins/com.st.stm32cube.ide.mcu.externaltools.gnu-tools-for-stm32.12.3.rel1.linux64_1.0.100.202403111256/tools/bin/../lib/gcc/arm-none-eabi/12.3.1/thumb/v7e-m+fp/hard/libgcc.a(_aeabi_uldivmod.o)
                0x08000cb8                __aeabi_uldivmod
 .text          0x08000ce8       0x30 /opt/st/stm32cubeide_1.15.1_2/plugins/com.st.stm32cube.ide.mcu.externaltools.gnu-tools-for-stm32.12.3.rel1.linux64_1.0.100.202403111256/tools/bin/../lib/gcc/arm-none-eabi/12.3.1/thumb/v7e-m+fp/hard/libgcc.a(_fixdfdi.o)
                0x08000ce8                __aeabi_d2lz
                0x08000ce8                __fixdfdi
 .text          0x08000d18       0x3c /opt/st/stm32cubeide_1.15.1_2/plugins/com.st.stm32cube.ide.mcu.externaltools.gnu-tools-for-stm32.12.3.rel1.linux64_1.0.100.202403111256/tools/bin/../lib/gcc/arm-none-eabi/12.3.1/thumb/v7e-m+fp/hard/libgcc.a(_fixunsdfdi.o)
                0x08000d18                __aeabi_d2ulz
                0x08000d18                __fixunsdfdi
 .text          0x08000d54      0x2bc /opt/st/stm32cubeide_1.15.1_2/plugins/com.st.stm32cube.ide.mcu.externaltools.gnu-tools-for-stm32.12.3.rel1.linux64_1.0.100.202403111256/tools/bin/../lib/gcc/arm-none-eabi/12.3.1/thumb/v7e-m+fp/hard/libgcc.a(_udivmoddi4.o)
                0x08000d54                __udivmoddi4
 .text          0x08001010        0x4 /opt/st/stm32cubeide_1.15.1_2/plugins/com.st.stm32cube.ide.mcu.externaltools.gnu-tools-for-stm32.12.3.rel1.linux64_1.0.100.202403111256/tools/bin/../lib/gcc/arm-none-eabi/12.3.1/thumb/v7e-m+fp/hard/libgcc.a(_dvmd_tls.o)
                0x08001010                __aeabi_ldiv0
                0x08001010                __aeabi_idiv0
 *(.text*)
 .text.lwpkt_lwrb_uart_init
                0x08001014       0x2c ./Core/Src/lwpkt_lwrb_uart.o
                0x08001014                lwpkt_lwrb_uart_init
 .text.uart_tx_rb_evt_fn
                0x08001040       0x80 ./Core/Src/lwpkt_lwrb_uart.o
                0x08001040                uart_tx_rb_evt_fn
 .text.lwpkt_lwrb_uart_task
                0x080010c0       0xf4 ./Core/Src/lwpkt_lwrb_uart.o
                0x080010c0                lwpkt_lwrb_uart_task
 .text.lwrb_uart_callback
                0x080011b4       0x24 ./Core/Src/lwpkt_lwrb_uart.o
                0x080011b4                lwrb_uart_callback
 .text.uart_lwpkt_write
                0x080011d8       0x24 ./Core/Src/lwpkt_lwrb_uart.o
                0x080011d8                uart_lwpkt_write
 .text.main     0x080011fc       0xac ./Core/Src/main.o
                0x080011fc                main
 .text.SystemClock_Config
                0x080012a8       0xd4 ./Core/Src/main.o
                0x080012a8                SystemClock_Config
 .text.MX_TIM1_Init
                0x0800137c      0x188 ./Core/Src/main.o
 .text.MX_TIM2_Init
                0x08001504       0xa8 ./Core/Src/main.o
 .text.MX_TIM3_Init
                0x080015ac       0xa8 ./Core/Src/main.o
 .text.MX_TIM4_Init
                0x08001654       0xa8 ./Core/Src/main.o
 .text.MX_TIM5_Init
                0x080016fc       0xa8 ./Core/Src/main.o
 .text.MX_TIM10_Init
                0x080017a4       0x48 ./Core/Src/main.o
 .text.MX_USART2_UART_Init
                0x080017ec       0x54 ./Core/Src/main.o
 .text.MX_USART6_UART_Init
                0x08001840       0x54 ./Core/Src/main.o
 .text.MX_DMA_Init
                0x08001894       0x40 ./Core/Src/main.o
 .text.MX_GPIO_Init
                0x080018d4      0x118 ./Core/Src/main.o
 .text._write   0x080019ec       0x2c ./Core/Src/main.o
                0x080019ec                _write
 .text.uart_lwpkt_evt_fn
                0x08001a18      0x1fc ./Core/Src/main.o
 .text.HAL_UARTEx_RxEventCallback
                0x08001c14       0x2c ./Core/Src/main.o
                0x08001c14                HAL_UARTEx_RxEventCallback
 .text.HAL_GPIO_EXTI_Callback
                0x08001c40       0x78 ./Core/Src/main.o
                0x08001c40                HAL_GPIO_EXTI_Callback
 .text.callback
                0x08001cb8       0x44 ./Core/Src/main.o
                0x08001cb8                callback
 .text.StartDefaultTask
                0x08001cfc      0x184 ./Core/Src/main.o
                0x08001cfc                StartDefaultTask
 .text.HAL_TIM_PeriodElapsedCallback
                0x08001e80       0xc8 ./Core/Src/main.o
                0x08001e80                HAL_TIM_PeriodElapsedCallback
 .text.Error_Handler
                0x08001f48        0xc ./Core/Src/main.o
                0x08001f48                Error_Handler
 .text.HAL_MspInit
                0x08001f54       0x58 ./Core/Src/stm32f4xx_hal_msp.o
                0x08001f54                HAL_MspInit
 .text.HAL_TIM_Base_MspInit
                0x08001fac       0x9c ./Core/Src/stm32f4xx_hal_msp.o
                0x08001fac                HAL_TIM_Base_MspInit
 .text.HAL_TIM_Encoder_MspInit
                0x08002048      0x244 ./Core/Src/stm32f4xx_hal_msp.o
                0x08002048                HAL_TIM_Encoder_MspInit
 .text.HAL_TIM_MspPostInit
                0x0800228c       0x74 ./Core/Src/stm32f4xx_hal_msp.o
                0x0800228c                HAL_TIM_MspPostInit
 .text.HAL_UART_MspInit
                0x08002300      0x1b0 ./Core/Src/stm32f4xx_hal_msp.o
                0x08002300                HAL_UART_MspInit
 .text.HAL_InitTick
                0x080024b0       0xe4 ./Core/Src/stm32f4xx_hal_timebase_tim.o
                0x080024b0                HAL_InitTick
 .text.NMI_Handler
                0x08002594        0x8 ./Core/Src/stm32f4xx_it.o
                0x08002594                NMI_Handler
 .text.HardFault_Handler
                0x0800259c        0x8 ./Core/Src/stm32f4xx_it.o
                0x0800259c                HardFault_Handler
 .text.MemManage_Handler
                0x080025a4        0x8 ./Core/Src/stm32f4xx_it.o
                0x080025a4                MemManage_Handler
 .text.BusFault_Handler
                0x080025ac        0x8 ./Core/Src/stm32f4xx_it.o
                0x080025ac                BusFault_Handler
 .text.UsageFault_Handler
                0x080025b4        0x8 ./Core/Src/stm32f4xx_it.o
                0x080025b4                UsageFault_Handler
 .text.DebugMon_Handler
                0x080025bc        0xe ./Core/Src/stm32f4xx_it.o
                0x080025bc                DebugMon_Handler
 *fill*         0x080025ca        0x2 
 .text.TIM1_UP_TIM10_IRQHandler
                0x080025cc       0x1c ./Core/Src/stm32f4xx_it.o
                0x080025cc                TIM1_UP_TIM10_IRQHandler
 .text.TIM1_TRG_COM_TIM11_IRQHandler
                0x080025e8       0x1c ./Core/Src/stm32f4xx_it.o
                0x080025e8                TIM1_TRG_COM_TIM11_IRQHandler
 .text.EXTI15_10_IRQHandler
                0x08002604       0x10 ./Core/Src/stm32f4xx_it.o
                0x08002604                EXTI15_10_IRQHandler
 .text.DMA2_Stream1_IRQHandler
                0x08002614       0x14 ./Core/Src/stm32f4xx_it.o
                0x08002614                DMA2_Stream1_IRQHandler
 .text.USART6_IRQHandler
                0x08002628       0x14 ./Core/Src/stm32f4xx_it.o
                0x08002628                USART6_IRQHandler
 .text._getpid  0x0800263c       0x10 ./Core/Src/syscalls.o
                0x0800263c                _getpid
 .text._kill    0x0800264c       0x20 ./Core/Src/syscalls.o
                0x0800264c                _kill
 .text._exit    0x0800266c       0x16 ./Core/Src/syscalls.o
                0x0800266c                _exit
 .text._read    0x08002682       0x3a ./Core/Src/syscalls.o
                0x08002682                _read
 .text._close   0x080026bc       0x18 ./Core/Src/syscalls.o
                0x080026bc                _close
 .text._fstat   0x080026d4       0x20 ./Core/Src/syscalls.o
                0x080026d4                _fstat
 .text._isatty  0x080026f4       0x16 ./Core/Src/syscalls.o
                0x080026f4                _isatty
 .text._lseek   0x0800270a       0x1a ./Core/Src/syscalls.o
                0x0800270a                _lseek
 .text._sbrk    0x08002724       0x6c ./Core/Src/sysmem.o
                0x08002724                _sbrk
 .text.SystemInit
                0x08002790       0x24 ./Core/Src/system_stm32f4xx.o
                0x08002790                SystemInit
 .text.Reset_Handler
                0x080027b4       0x50 ./Core/Startup/startup_stm32f411retx.o
                0x080027b4                Reset_Handler
 .text.Default_Handler
                0x08002804        0x2 ./Core/Startup/startup_stm32f411retx.o
                0x08002804                RTC_Alarm_IRQHandler
                0x08002804                EXTI2_IRQHandler
                0x08002804                SPI4_IRQHandler
                0x08002804                TIM1_CC_IRQHandler
                0x08002804                DMA2_Stream5_IRQHandler
                0x08002804                DMA1_Stream5_IRQHandler
                0x08002804                PVD_IRQHandler
                0x08002804                SDIO_IRQHandler
                0x08002804                TAMP_STAMP_IRQHandler
                0x08002804                EXTI3_IRQHandler
                0x08002804                I2C3_ER_IRQHandler
                0x08002804                EXTI0_IRQHandler
                0x08002804                I2C2_EV_IRQHandler
                0x08002804                DMA1_Stream2_IRQHandler
                0x08002804                FPU_IRQHandler
                0x08002804                DMA2_Stream2_IRQHandler
                0x08002804                SPI1_IRQHandler
                0x08002804                TIM1_BRK_TIM9_IRQHandler
                0x08002804                DMA2_Stream3_IRQHandler
                0x08002804                DMA2_Stream0_IRQHandler
                0x08002804                TIM4_IRQHandler
                0x08002804                I2C1_EV_IRQHandler
                0x08002804                DMA1_Stream6_IRQHandler
                0x08002804                DMA1_Stream1_IRQHandler
                0x08002804                TIM3_IRQHandler
                0x08002804                RCC_IRQHandler
                0x08002804                Default_Handler
                0x08002804                ADC_IRQHandler
                0x08002804                DMA1_Stream7_IRQHandler
                0x08002804                SPI5_IRQHandler
                0x08002804                TIM5_IRQHandler
                0x08002804                DMA2_Stream7_IRQHandler
                0x08002804                I2C3_EV_IRQHandler
                0x08002804                EXTI9_5_IRQHandler
                0x08002804                RTC_WKUP_IRQHandler
                0x08002804                SPI2_IRQHandler
                0x08002804                DMA1_Stream0_IRQHandler
                0x08002804                EXTI4_IRQHandler
                0x08002804                WWDG_IRQHandler
                0x08002804                TIM2_IRQHandler
                0x08002804                OTG_FS_WKUP_IRQHandler
                0x08002804                EXTI1_IRQHandler
                0x08002804                USART2_IRQHandler
                0x08002804                I2C2_ER_IRQHandler
                0x08002804                FLASH_IRQHandler
                0x08002804                DMA2_Stream4_IRQHandler
                0x08002804                USART1_IRQHandler
                0x08002804                OTG_FS_IRQHandler
                0x08002804                SPI3_IRQHandler
                0x08002804                DMA1_Stream4_IRQHandler
                0x08002804                I2C1_ER_IRQHandler
                0x08002804                DMA2_Stream6_IRQHandler
                0x08002804                DMA1_Stream3_IRQHandler
 *fill*         0x08002806        0x2 
 .text.HAL_Init
                0x08002808       0x44 ./Drivers/STM32F4xx_HAL_Driver/Src/stm32f4xx_hal.o
                0x08002808                HAL_Init
 .text.HAL_IncTick
                0x0800284c       0x28 ./Drivers/STM32F4xx_HAL_Driver/Src/stm32f4xx_hal.o
                0x0800284c                HAL_IncTick
 .text.HAL_GetTick
                0x08002874       0x18 ./Drivers/STM32F4xx_HAL_Driver/Src/stm32f4xx_hal.o
                0x08002874                HAL_GetTick
 .text.__NVIC_SetPriorityGrouping
                0x0800288c       0x48 ./Drivers/STM32F4xx_HAL_Driver/Src/stm32f4xx_hal_cortex.o
 .text.__NVIC_GetPriorityGrouping
                0x080028d4       0x1c ./Drivers/STM32F4xx_HAL_Driver/Src/stm32f4xx_hal_cortex.o
 .text.__NVIC_EnableIRQ
                0x080028f0       0x3c ./Drivers/STM32F4xx_HAL_Driver/Src/stm32f4xx_hal_cortex.o
 .text.__NVIC_SetPriority
                0x0800292c       0x54 ./Drivers/STM32F4xx_HAL_Driver/Src/stm32f4xx_hal_cortex.o
 .text.NVIC_EncodePriority
                0x08002980       0x66 ./Drivers/STM32F4xx_HAL_Driver/Src/stm32f4xx_hal_cortex.o
 .text.HAL_NVIC_SetPriorityGrouping
                0x080029e6       0x16 ./Drivers/STM32F4xx_HAL_Driver/Src/stm32f4xx_hal_cortex.o
                0x080029e6                HAL_NVIC_SetPriorityGrouping
 .text.HAL_NVIC_SetPriority
                0x080029fc       0x38 ./Drivers/STM32F4xx_HAL_Driver/Src/stm32f4xx_hal_cortex.o
                0x080029fc                HAL_NVIC_SetPriority
 .text.HAL_NVIC_EnableIRQ
                0x08002a34       0x1c ./Drivers/STM32F4xx_HAL_Driver/Src/stm32f4xx_hal_cortex.o
                0x08002a34                HAL_NVIC_EnableIRQ
 .text.HAL_DMA_Init
                0x08002a50      0x15c ./Drivers/STM32F4xx_HAL_Driver/Src/stm32f4xx_hal_dma.o
                0x08002a50                HAL_DMA_Init
 .text.HAL_DMA_Start_IT
                0x08002bac       0xb0 ./Drivers/STM32F4xx_HAL_Driver/Src/stm32f4xx_hal_dma.o
                0x08002bac                HAL_DMA_Start_IT
 .text.HAL_DMA_Abort
                0x08002c5c       0xe0 ./Drivers/STM32F4xx_HAL_Driver/Src/stm32f4xx_hal_dma.o
                0x08002c5c                HAL_DMA_Abort
 .text.HAL_DMA_Abort_IT
                0x08002d3c       0x44 ./Drivers/STM32F4xx_HAL_Driver/Src/stm32f4xx_hal_dma.o
                0x08002d3c                HAL_DMA_Abort_IT
 .text.HAL_DMA_IRQHandler
                0x08002d80      0x314 ./Drivers/STM32F4xx_HAL_Driver/Src/stm32f4xx_hal_dma.o
                0x08002d80                HAL_DMA_IRQHandler
 .text.DMA_SetConfig
                0x08003094       0x5c ./Drivers/STM32F4xx_HAL_Driver/Src/stm32f4xx_hal_dma.o
 .text.DMA_CalcBaseAndBitshift
                0x080030f0       0x6c ./Drivers/STM32F4xx_HAL_Driver/Src/stm32f4xx_hal_dma.o
 .text.DMA_CheckFifoParam
                0x0800315c       0xf8 ./Drivers/STM32F4xx_HAL_Driver/Src/stm32f4xx_hal_dma.o
 .text.HAL_GPIO_Init
                0x08003254      0x308 ./Drivers/STM32F4xx_HAL_Driver/Src/stm32f4xx_hal_gpio.o
                0x08003254                HAL_GPIO_Init
 .text.HAL_GPIO_ReadPin
                0x0800355c       0x30 ./Drivers/STM32F4xx_HAL_Driver/Src/stm32f4xx_hal_gpio.o
                0x0800355c                HAL_GPIO_ReadPin
 .text.HAL_GPIO_WritePin
                0x0800358c       0x32 ./Drivers/STM32F4xx_HAL_Driver/Src/stm32f4xx_hal_gpio.o
                0x0800358c                HAL_GPIO_WritePin
 *fill*         0x080035be        0x2 
 .text.HAL_GPIO_EXTI_IRQHandler
                0x080035c0       0x30 ./Drivers/STM32F4xx_HAL_Driver/Src/stm32f4xx_hal_gpio.o
                0x080035c0                HAL_GPIO_EXTI_IRQHandler
 .text.HAL_RCC_OscConfig
                0x080035f0      0x4f0 ./Drivers/STM32F4xx_HAL_Driver/Src/stm32f4xx_hal_rcc.o
                0x080035f0                HAL_RCC_OscConfig
 .text.HAL_RCC_ClockConfig
                0x08003ae0      0x1cc ./Drivers/STM32F4xx_HAL_Driver/Src/stm32f4xx_hal_rcc.o
                0x08003ae0                HAL_RCC_ClockConfig
 .text.HAL_RCC_GetSysClockFreq
                0x08003cac      0x20c ./Drivers/STM32F4xx_HAL_Driver/Src/stm32f4xx_hal_rcc.o
                0x08003cac                HAL_RCC_GetSysClockFreq
 .text.HAL_RCC_GetHCLKFreq
                0x08003eb8       0x18 ./Drivers/STM32F4xx_HAL_Driver/Src/stm32f4xx_hal_rcc.o
                0x08003eb8                HAL_RCC_GetHCLKFreq
 .text.HAL_RCC_GetPCLK1Freq
                0x08003ed0       0x28 ./Drivers/STM32F4xx_HAL_Driver/Src/stm32f4xx_hal_rcc.o
                0x08003ed0                HAL_RCC_GetPCLK1Freq
 .text.HAL_RCC_GetPCLK2Freq
                0x08003ef8       0x28 ./Drivers/STM32F4xx_HAL_Driver/Src/stm32f4xx_hal_rcc.o
                0x08003ef8                HAL_RCC_GetPCLK2Freq
 .text.HAL_RCC_GetClockConfig
                0x08003f20       0x64 ./Drivers/STM32F4xx_HAL_Driver/Src/stm32f4xx_hal_rcc.o
                0x08003f20                HAL_RCC_GetClockConfig
 .text.HAL_TIM_Base_Init
                0x08003f84       0x9e ./Drivers/STM32F4xx_HAL_Driver/Src/stm32f4xx_hal_tim.o
                0x08003f84                HAL_TIM_Base_Init
 *fill*         0x08004022        0x2 
 .text.HAL_TIM_Base_Start_IT
                0x08004024       0xc4 ./Drivers/STM32F4xx_HAL_Driver/Src/stm32f4xx_hal_tim.o
                0x08004024                HAL_TIM_Base_Start_IT
 .text.HAL_TIM_PWM_Init
                0x080040e8       0x9e ./Drivers/STM32F4xx_HAL_Driver/Src/stm32f4xx_hal_tim.o
                0x080040e8                HAL_TIM_PWM_Init
 .text.HAL_TIM_PWM_MspInit
                0x08004186       0x14 ./Drivers/STM32F4xx_HAL_Driver/Src/stm32f4xx_hal_tim.o
                0x08004186                HAL_TIM_PWM_MspInit
 *fill*         0x0800419a        0x2 
 .text.HAL_TIM_PWM_Start
                0x0800419c      0x160 ./Drivers/STM32F4xx_HAL_Driver/Src/stm32f4xx_hal_tim.o
                0x0800419c                HAL_TIM_PWM_Start
 .text.HAL_TIM_PWM_Stop
                0x080042fc       0xc8 ./Drivers/STM32F4xx_HAL_Driver/Src/stm32f4xx_hal_tim.o
                0x080042fc                HAL_TIM_PWM_Stop
 .text.HAL_TIM_Encoder_Init
                0x080043c4      0x14c ./Drivers/STM32F4xx_HAL_Driver/Src/stm32f4xx_hal_tim.o
                0x080043c4                HAL_TIM_Encoder_Init
 .text.HAL_TIM_Encoder_Start
                0x08004510      0x11c ./Drivers/STM32F4xx_HAL_Driver/Src/stm32f4xx_hal_tim.o
                0x08004510                HAL_TIM_Encoder_Start
 .text.HAL_TIM_IRQHandler
                0x0800462c      0x1e0 ./Drivers/STM32F4xx_HAL_Driver/Src/stm32f4xx_hal_tim.o
                0x0800462c                HAL_TIM_IRQHandler
 .text.HAL_TIM_PWM_ConfigChannel
                0x0800480c      0x184 ./Drivers/STM32F4xx_HAL_Driver/Src/stm32f4xx_hal_tim.o
                0x0800480c                HAL_TIM_PWM_ConfigChannel
 .text.HAL_TIM_ConfigClockSource
                0x08004990      0x18e ./Drivers/STM32F4xx_HAL_Driver/Src/stm32f4xx_hal_tim.o
                0x08004990                HAL_TIM_ConfigClockSource
 .text.HAL_TIM_OC_DelayElapsedCallback
                0x08004b1e       0x14 ./Drivers/STM32F4xx_HAL_Driver/Src/stm32f4xx_hal_tim.o
                0x08004b1e                HAL_TIM_OC_DelayElapsedCallback
 .text.HAL_TIM_IC_CaptureCallback
                0x08004b32       0x14 ./Drivers/STM32F4xx_HAL_Driver/Src/stm32f4xx_hal_tim.o
                0x08004b32                HAL_TIM_IC_CaptureCallback
 .text.HAL_TIM_PWM_PulseFinishedCallback
                0x08004b46       0x14 ./Drivers/STM32F4xx_HAL_Driver/Src/stm32f4xx_hal_tim.o
                0x08004b46                HAL_TIM_PWM_PulseFinishedCallback
 .text.HAL_TIM_TriggerCallback
                0x08004b5a       0x14 ./Drivers/STM32F4xx_HAL_Driver/Src/stm32f4xx_hal_tim.o
                0x08004b5a                HAL_TIM_TriggerCallback
 *fill*         0x08004b6e        0x2 
 .text.TIM_Base_SetConfig
                0x08004b70      0x118 ./Drivers/STM32F4xx_HAL_Driver/Src/stm32f4xx_hal_tim.o
                0x08004b70                TIM_Base_SetConfig
 .text.TIM_OC1_SetConfig
                0x08004c88       0xcc ./Drivers/STM32F4xx_HAL_Driver/Src/stm32f4xx_hal_tim.o
 .text.TIM_OC2_SetConfig
                0x08004d54       0xd8 ./Drivers/STM32F4xx_HAL_Driver/Src/stm32f4xx_hal_tim.o
                0x08004d54                TIM_OC2_SetConfig
 .text.TIM_OC3_SetConfig
                0x08004e2c       0xd4 ./Drivers/STM32F4xx_HAL_Driver/Src/stm32f4xx_hal_tim.o
 .text.TIM_OC4_SetConfig
                0x08004f00       0xa0 ./Drivers/STM32F4xx_HAL_Driver/Src/stm32f4xx_hal_tim.o
 .text.TIM_TI1_ConfigInputStage
                0x08004fa0       0x5e ./Drivers/STM32F4xx_HAL_Driver/Src/stm32f4xx_hal_tim.o
 .text.TIM_TI2_ConfigInputStage
                0x08004ffe       0x60 ./Drivers/STM32F4xx_HAL_Driver/Src/stm32f4xx_hal_tim.o
 .text.TIM_ITRx_SetConfig
                0x0800505e       0x36 ./Drivers/STM32F4xx_HAL_Driver/Src/stm32f4xx_hal_tim.o
 .text.TIM_ETR_SetConfig
                0x08005094       0x40 ./Drivers/STM32F4xx_HAL_Driver/Src/stm32f4xx_hal_tim.o
                0x08005094                TIM_ETR_SetConfig
 .text.TIM_CCxChannelCmd
                0x080050d4       0x4a ./Drivers/STM32F4xx_HAL_Driver/Src/stm32f4xx_hal_tim.o
                0x080050d4                TIM_CCxChannelCmd
 *fill*         0x0800511e        0x2 
 .text.HAL_TIMEx_MasterConfigSynchronization
                0x08005120       0xdc ./Drivers/STM32F4xx_HAL_Driver/Src/stm32f4xx_hal_tim_ex.o
                0x08005120                HAL_TIMEx_MasterConfigSynchronization
 .text.HAL_TIMEx_ConfigBreakDeadTime
                0x080051fc       0xa4 ./Drivers/STM32F4xx_HAL_Driver/Src/stm32f4xx_hal_tim_ex.o
                0x080051fc                HAL_TIMEx_ConfigBreakDeadTime
 .text.HAL_TIMEx_CommutCallback
                0x080052a0       0x14 ./Drivers/STM32F4xx_HAL_Driver/Src/stm32f4xx_hal_tim_ex.o
                0x080052a0                HAL_TIMEx_CommutCallback
 .text.HAL_TIMEx_BreakCallback
                0x080052b4       0x14 ./Drivers/STM32F4xx_HAL_Driver/Src/stm32f4xx_hal_tim_ex.o
                0x080052b4                HAL_TIMEx_BreakCallback
 .text.HAL_UART_Init
                0x080052c8       0xa0 ./Drivers/STM32F4xx_HAL_Driver/Src/stm32f4xx_hal_uart.o
                0x080052c8                HAL_UART_Init
 .text.HAL_HalfDuplex_Init
                0x08005368       0xb0 ./Drivers/STM32F4xx_HAL_Driver/Src/stm32f4xx_hal_uart.o
                0x08005368                HAL_HalfDuplex_Init
 .text.HAL_UART_Transmit
                0x08005418      0x116 ./Drivers/STM32F4xx_HAL_Driver/Src/stm32f4xx_hal_uart.o
                0x08005418                HAL_UART_Transmit
 .text.HAL_UARTEx_ReceiveToIdle_DMA
                0x0800552e       0xba ./Drivers/STM32F4xx_HAL_Driver/Src/stm32f4xx_hal_uart.o
                0x0800552e                HAL_UARTEx_ReceiveToIdle_DMA
 .text.HAL_UART_IRQHandler
                0x080055e8      0x524 ./Drivers/STM32F4xx_HAL_Driver/Src/stm32f4xx_hal_uart.o
                0x080055e8                HAL_UART_IRQHandler
 .text.HAL_UART_TxCpltCallback
                0x08005b0c       0x14 ./Drivers/STM32F4xx_HAL_Driver/Src/stm32f4xx_hal_uart.o
                0x08005b0c                HAL_UART_TxCpltCallback
 .text.HAL_UART_RxCpltCallback
                0x08005b20       0x14 ./Drivers/STM32F4xx_HAL_Driver/Src/stm32f4xx_hal_uart.o
                0x08005b20                HAL_UART_RxCpltCallback
 .text.HAL_UART_RxHalfCpltCallback
                0x08005b34       0x14 ./Drivers/STM32F4xx_HAL_Driver/Src/stm32f4xx_hal_uart.o
                0x08005b34                HAL_UART_RxHalfCpltCallback
 .text.HAL_UART_ErrorCallback
                0x08005b48       0x14 ./Drivers/STM32F4xx_HAL_Driver/Src/stm32f4xx_hal_uart.o
                0x08005b48                HAL_UART_ErrorCallback
 .text.UART_DMAReceiveCplt
                0x08005b5c      0x12c ./Drivers/STM32F4xx_HAL_Driver/Src/stm32f4xx_hal_uart.o
 .text.UART_DMARxHalfCplt
                0x08005c88       0x3c ./Drivers/STM32F4xx_HAL_Driver/Src/stm32f4xx_hal_uart.o
 .text.UART_DMAError
                0x08005cc4       0x94 ./Drivers/STM32F4xx_HAL_Driver/Src/stm32f4xx_hal_uart.o
 .text.UART_WaitOnFlagUntilTimeout
                0x08005d58       0xb2 ./Drivers/STM32F4xx_HAL_Driver/Src/stm32f4xx_hal_uart.o
 *fill*         0x08005e0a        0x2 
 .text.UART_Start_Receive_DMA
                0x08005e0c      0x134 ./Drivers/STM32F4xx_HAL_Driver/Src/stm32f4xx_hal_uart.o
                0x08005e0c                UART_Start_Receive_DMA
 .text.UART_EndTxTransfer
                0x08005f40       0x50 ./Drivers/STM32F4xx_HAL_Driver/Src/stm32f4xx_hal_uart.o
 .text.UART_EndRxTransfer
                0x08005f90       0xc6 ./Drivers/STM32F4xx_HAL_Driver/Src/stm32f4xx_hal_uart.o
 .text.UART_DMAAbortOnError
                0x08006056       0x28 ./Drivers/STM32F4xx_HAL_Driver/Src/stm32f4xx_hal_uart.o
 .text.UART_Transmit_IT
                0x0800607e       0xa0 ./Drivers/STM32F4xx_HAL_Driver/Src/stm32f4xx_hal_uart.o
 .text.UART_EndTransmit_IT
                0x0800611e       0x30 ./Drivers/STM32F4xx_HAL_Driver/Src/stm32f4xx_hal_uart.o
 .text.UART_Receive_IT
                0x0800614e      0x17c ./Drivers/STM32F4xx_HAL_Driver/Src/stm32f4xx_hal_uart.o
 *fill*         0x080062ca        0x2 
 .text.UART_SetConfig
                0x080062cc      0x4e8 ./Drivers/STM32F4xx_HAL_Driver/Src/stm32f4xx_hal_uart.o
 .text.__NVIC_SetPriority
                0x080067b4       0x54 ./Middlewares/Third_Party/FreeRTOS/Source/CMSIS_RTOS_V2/cmsis_os2.o
 .text.SysTick_Handler
                0x08006808       0x20 ./Middlewares/Third_Party/FreeRTOS/Source/CMSIS_RTOS_V2/cmsis_os2.o
                0x08006808                SysTick_Handler
 .text.SVC_Setup
                0x08006828       0x12 ./Middlewares/Third_Party/FreeRTOS/Source/CMSIS_RTOS_V2/cmsis_os2.o
 *fill*         0x0800683a        0x2 
 .text.osKernelInitialize
                0x0800683c       0x48 ./Middlewares/Third_Party/FreeRTOS/Source/CMSIS_RTOS_V2/cmsis_os2.o
                0x0800683c                osKernelInitialize
 .text.osKernelStart
                0x08006884       0x4c ./Middlewares/Third_Party/FreeRTOS/Source/CMSIS_RTOS_V2/cmsis_os2.o
                0x08006884                osKernelStart
 .text.osThreadNew
                0x080068d0      0x124 ./Middlewares/Third_Party/FreeRTOS/Source/CMSIS_RTOS_V2/cmsis_os2.o
                0x080068d0                osThreadNew
 .text.osDelay  0x080069f4       0x36 ./Middlewares/Third_Party/FreeRTOS/Source/CMSIS_RTOS_V2/cmsis_os2.o
                0x080069f4                osDelay
 .text.TimerCallback
                0x08006a2a       0x2a ./Middlewares/Third_Party/FreeRTOS/Source/CMSIS_RTOS_V2/cmsis_os2.o
 .text.osTimerNew
                0x08006a54       0xf8 ./Middlewares/Third_Party/FreeRTOS/Source/CMSIS_RTOS_V2/cmsis_os2.o
                0x08006a54                osTimerNew
 .text.osTimerStart
                0x08006b4c       0x5c ./Middlewares/Third_Party/FreeRTOS/Source/CMSIS_RTOS_V2/cmsis_os2.o
                0x08006b4c                osTimerStart
 .text.osSemaphoreNew
                0x08006ba8      0x112 ./Middlewares/Third_Party/FreeRTOS/Source/CMSIS_RTOS_V2/cmsis_os2.o
                0x08006ba8                osSemaphoreNew
 *fill*         0x08006cba        0x2 
 .text.osSemaphoreAcquire
                0x08006cbc       0xa4 ./Middlewares/Third_Party/FreeRTOS/Source/CMSIS_RTOS_V2/cmsis_os2.o
                0x08006cbc                osSemaphoreAcquire
 .text.osSemaphoreRelease
                0x08006d60       0x88 ./Middlewares/Third_Party/FreeRTOS/Source/CMSIS_RTOS_V2/cmsis_os2.o
                0x08006d60                osSemaphoreRelease
 .text.osMessageQueueNew
                0x08006de8       0xe6 ./Middlewares/Third_Party/FreeRTOS/Source/CMSIS_RTOS_V2/cmsis_os2.o
                0x08006de8                osMessageQueueNew
 *fill*         0x08006ece        0x2 
 .text.osMessageQueuePut
                0x08006ed0       0xc0 ./Middlewares/Third_Party/FreeRTOS/Source/CMSIS_RTOS_V2/cmsis_os2.o
                0x08006ed0                osMessageQueuePut
 .text.osMessageQueueGet
                0x08006f90       0xbc ./Middlewares/Third_Party/FreeRTOS/Source/CMSIS_RTOS_V2/cmsis_os2.o
                0x08006f90                osMessageQueueGet
 .text.vApplicationGetIdleTaskMemory
                0x0800704c       0x34 ./Middlewares/Third_Party/FreeRTOS/Source/CMSIS_RTOS_V2/cmsis_os2.o
                0x0800704c                vApplicationGetIdleTaskMemory
 .text.vApplicationGetTimerTaskMemory
                0x08007080       0x34 ./Middlewares/Third_Party/FreeRTOS/Source/CMSIS_RTOS_V2/cmsis_os2.o
                0x08007080                vApplicationGetTimerTaskMemory
 .text.vListInitialise
                0x080070b4       0x40 ./Middlewares/Third_Party/FreeRTOS/Source/list.o
                0x080070b4                vListInitialise
 .text.vListInitialiseItem
                0x080070f4       0x1a ./Middlewares/Third_Party/FreeRTOS/Source/list.o
                0x080070f4                vListInitialiseItem
 .text.vListInsertEnd
                0x0800710e       0x48 ./Middlewares/Third_Party/FreeRTOS/Source/list.o
                0x0800710e                vListInsertEnd
 .text.vListInsert
                0x08007156       0x72 ./Middlewares/Third_Party/FreeRTOS/Source/list.o
                0x08007156                vListInsert
 .text.uxListRemove
                0x080071c8       0x54 ./Middlewares/Third_Party/FreeRTOS/Source/list.o
                0x080071c8                uxListRemove
 .text.xQueueGenericReset
                0x0800721c       0xd4 ./Middlewares/Third_Party/FreeRTOS/Source/queue.o
                0x0800721c                xQueueGenericReset
 .text.xQueueGenericCreateStatic
                0x080072f0       0xfa ./Middlewares/Third_Party/FreeRTOS/Source/queue.o
                0x080072f0                xQueueGenericCreateStatic
 .text.xQueueGenericCreate
                0x080073ea       0x76 ./Middlewares/Third_Party/FreeRTOS/Source/queue.o
                0x080073ea                xQueueGenericCreate
 .text.prvInitialiseNewQueue
                0x08007460       0x46 ./Middlewares/Third_Party/FreeRTOS/Source/queue.o
 .text.xQueueCreateCountingSemaphoreStatic
                0x080074a6       0x72 ./Middlewares/Third_Party/FreeRTOS/Source/queue.o
                0x080074a6                xQueueCreateCountingSemaphoreStatic
 .text.xQueueCreateCountingSemaphore
                0x08007518       0x6a ./Middlewares/Third_Party/FreeRTOS/Source/queue.o
                0x08007518                xQueueCreateCountingSemaphore
 *fill*         0x08007582        0x2 
 .text.xQueueGenericSend
                0x08007584      0x204 ./Middlewares/Third_Party/FreeRTOS/Source/queue.o
                0x08007584                xQueueGenericSend
 .text.xQueueGenericSendFromISR
                0x08007788      0x13c ./Middlewares/Third_Party/FreeRTOS/Source/queue.o
                0x08007788                xQueueGenericSendFromISR
 .text.xQueueGiveFromISR
                0x080078c4      0x120 ./Middlewares/Third_Party/FreeRTOS/Source/queue.o
                0x080078c4                xQueueGiveFromISR
 .text.xQueueReceive
                0x080079e4      0x1c4 ./Middlewares/Third_Party/FreeRTOS/Source/queue.o
                0x080079e4                xQueueReceive
 .text.xQueueSemaphoreTake
                0x08007ba8      0x220 ./Middlewares/Third_Party/FreeRTOS/Source/queue.o
                0x08007ba8                xQueueSemaphoreTake
 .text.xQueueReceiveFromISR
                0x08007dc8      0x104 ./Middlewares/Third_Party/FreeRTOS/Source/queue.o
                0x08007dc8                xQueueReceiveFromISR
 .text.vQueueDelete
                0x08007ecc       0x48 ./Middlewares/Third_Party/FreeRTOS/Source/queue.o
                0x08007ecc                vQueueDelete
 .text.prvGetDisinheritPriorityAfterTimeout
                0x08007f14       0x30 ./Middlewares/Third_Party/FreeRTOS/Source/queue.o
 .text.prvCopyDataToQueue
                0x08007f44       0xd4 ./Middlewares/Third_Party/FreeRTOS/Source/queue.o
 .text.prvCopyDataFromQueue
                0x08008018       0x4c ./Middlewares/Third_Party/FreeRTOS/Source/queue.o
 .text.prvUnlockQueue
                0x08008064       0xa4 ./Middlewares/Third_Party/FreeRTOS/Source/queue.o
 .text.prvIsQueueEmpty
                0x08008108       0x2c ./Middlewares/Third_Party/FreeRTOS/Source/queue.o
 .text.prvIsQueueFull
                0x08008134       0x30 ./Middlewares/Third_Party/FreeRTOS/Source/queue.o
 .text.vQueueAddToRegistry
                0x08008164       0x54 ./Middlewares/Third_Party/FreeRTOS/Source/queue.o
                0x08008164                vQueueAddToRegistry
 .text.vQueueUnregisterQueue
                0x080081b8       0x54 ./Middlewares/Third_Party/FreeRTOS/Source/queue.o
                0x080081b8                vQueueUnregisterQueue
 .text.vQueueWaitForMessageRestricted
                0x0800820c       0x68 ./Middlewares/Third_Party/FreeRTOS/Source/queue.o
                0x0800820c                vQueueWaitForMessageRestricted
 .text.xTaskCreateStatic
                0x08008274       0xc0 ./Middlewares/Third_Party/FreeRTOS/Source/tasks.o
                0x08008274                xTaskCreateStatic
 .text.xTaskCreate
                0x08008334       0x8a ./Middlewares/Third_Party/FreeRTOS/Source/tasks.o
                0x08008334                xTaskCreate
 *fill*         0x080083be        0x2 
 .text.prvInitialiseNewTask
                0x080083c0      0x150 ./Middlewares/Third_Party/FreeRTOS/Source/tasks.o
 .text.prvAddNewTaskToReadyList
                0x08008510       0xe0 ./Middlewares/Third_Party/FreeRTOS/Source/tasks.o
 .text.vTaskDelay
                0x080085f0       0x6c ./Middlewares/Third_Party/FreeRTOS/Source/tasks.o
                0x080085f0                vTaskDelay
 .text.vTaskStartScheduler
                0x0800865c       0xe0 ./Middlewares/Third_Party/FreeRTOS/Source/tasks.o
                0x0800865c                vTaskStartScheduler
 .text.vTaskSuspendAll
                0x0800873c       0x1c ./Middlewares/Third_Party/FreeRTOS/Source/tasks.o
                0x0800873c                vTaskSuspendAll
 .text.xTaskResumeAll
                0x08008758      0x13c ./Middlewares/Third_Party/FreeRTOS/Source/tasks.o
                0x08008758                xTaskResumeAll
 .text.xTaskGetTickCount
                0x08008894       0x20 ./Middlewares/Third_Party/FreeRTOS/Source/tasks.o
                0x08008894                xTaskGetTickCount
 .text.xTaskIncrementTick
                0x080088b4      0x174 ./Middlewares/Third_Party/FreeRTOS/Source/tasks.o
                0x080088b4                xTaskIncrementTick
 .text.vTaskSwitchContext
                0x08008a28       0xcc ./Middlewares/Third_Party/FreeRTOS/Source/tasks.o
                0x08008a28                vTaskSwitchContext
 .text.vTaskPlaceOnEventList
                0x08008af4       0x4c ./Middlewares/Third_Party/FreeRTOS/Source/tasks.o
                0x08008af4                vTaskPlaceOnEventList
 .text.vTaskPlaceOnEventListRestricted
                0x08008b40       0x58 ./Middlewares/Third_Party/FreeRTOS/Source/tasks.o
                0x08008b40                vTaskPlaceOnEventListRestricted
 .text.xTaskRemoveFromEventList
                0x08008b98       0xc8 ./Middlewares/Third_Party/FreeRTOS/Source/tasks.o
                0x08008b98                xTaskRemoveFromEventList
 .text.vTaskInternalSetTimeOutState
                0x08008c60       0x2c ./Middlewares/Third_Party/FreeRTOS/Source/tasks.o
                0x08008c60                vTaskInternalSetTimeOutState
 .text.xTaskCheckForTimeOut
                0x08008c8c       0xc8 ./Middlewares/Third_Party/FreeRTOS/Source/tasks.o
                0x08008c8c                xTaskCheckForTimeOut
 .text.vTaskMissedYield
                0x08008d54       0x18 ./Middlewares/Third_Party/FreeRTOS/Source/tasks.o
                0x08008d54                vTaskMissedYield
 .text.prvIdleTask
                0x08008d6c       0x30 ./Middlewares/Third_Party/FreeRTOS/Source/tasks.o
 .text.prvInitialiseTaskLists
                0x08008d9c       0x80 ./Middlewares/Third_Party/FreeRTOS/Source/tasks.o
 .text.prvCheckTasksWaitingTermination
                0x08008e1c       0x5c ./Middlewares/Third_Party/FreeRTOS/Source/tasks.o
 .text.prvDeleteTCB
                0x08008e78       0x6a ./Middlewares/Third_Party/FreeRTOS/Source/tasks.o
 *fill*         0x08008ee2        0x2 
 .text.prvResetNextTaskUnblockTime
                0x08008ee4       0x40 ./Middlewares/Third_Party/FreeRTOS/Source/tasks.o
 .text.xTaskGetSchedulerState
                0x08008f24       0x3c ./Middlewares/Third_Party/FreeRTOS/Source/tasks.o
                0x08008f24                xTaskGetSchedulerState
 .text.xTaskPriorityInherit
                0x08008f60       0xd0 ./Middlewares/Third_Party/FreeRTOS/Source/tasks.o
                0x08008f60                xTaskPriorityInherit
 .text.xTaskPriorityDisinherit
                0x08009030       0xe0 ./Middlewares/Third_Party/FreeRTOS/Source/tasks.o
                0x08009030                xTaskPriorityDisinherit
 .text.vTaskPriorityDisinheritAfterTimeout
                0x08009110      0x108 ./Middlewares/Third_Party/FreeRTOS/Source/tasks.o
                0x08009110                vTaskPriorityDisinheritAfterTimeout
 .text.pvTaskIncrementMutexHeldCount
                0x08009218       0x28 ./Middlewares/Third_Party/FreeRTOS/Source/tasks.o
                0x08009218                pvTaskIncrementMutexHeldCount
 .text.prvAddCurrentTaskToDelayedList
                0x08009240       0xa8 ./Middlewares/Third_Party/FreeRTOS/Source/tasks.o
 .text.xTimerCreateTimerTask
                0x080092e8       0x94 ./Middlewares/Third_Party/FreeRTOS/Source/timers.o
                0x080092e8                xTimerCreateTimerTask
 .text.xTimerCreate
                0x0800937c       0x42 ./Middlewares/Third_Party/FreeRTOS/Source/timers.o
                0x0800937c                xTimerCreate
 .text.xTimerCreateStatic
                0x080093be       0x80 ./Middlewares/Third_Party/FreeRTOS/Source/timers.o
                0x080093be                xTimerCreateStatic
 .text.prvInitialiseNewTimer
                0x0800943e       0x78 ./Middlewares/Third_Party/FreeRTOS/Source/timers.o
 *fill*         0x080094b6        0x2 
 .text.xTimerGenericCommand
                0x080094b8       0x9c ./Middlewares/Third_Party/FreeRTOS/Source/timers.o
                0x080094b8                xTimerGenericCommand
 .text.prvProcessExpiredTimer
                0x08009554       0x9c ./Middlewares/Third_Party/FreeRTOS/Source/timers.o
 .text.prvTimerTask
                0x080095f0       0x26 ./Middlewares/Third_Party/FreeRTOS/Source/timers.o
 *fill*         0x08009616        0x2 
 .text.prvProcessTimerOrBlockTask
                0x08009618       0x9c ./Middlewares/Third_Party/FreeRTOS/Source/timers.o
 .text.prvGetNextExpireTime
                0x080096b4       0x48 ./Middlewares/Third_Party/FreeRTOS/Source/timers.o
 .text.prvSampleTimeNow
                0x080096fc       0x40 ./Middlewares/Third_Party/FreeRTOS/Source/timers.o
 .text.prvInsertTimerInActiveList
                0x0800973c       0x84 ./Middlewares/Third_Party/FreeRTOS/Source/timers.o
 .text.prvProcessReceivedCommands
                0x080097c0      0x1cc ./Middlewares/Third_Party/FreeRTOS/Source/timers.o
 .text.prvSwitchTimerLists
                0x0800998c       0xcc ./Middlewares/Third_Party/FreeRTOS/Source/timers.o
 .text.prvCheckForValidListAndQueue
                0x08009a58       0x80 ./Middlewares/Third_Party/FreeRTOS/Source/timers.o
 .text.pvTimerGetTimerID
                0x08009ad8       0x42 ./Middlewares/Third_Party/FreeRTOS/Source/timers.o
                0x08009ad8                pvTimerGetTimerID
 *fill*         0x08009b1a        0x2 
 .text.pxPortInitialiseStack
                0x08009b1c       0x68 ./Middlewares/Third_Party/FreeRTOS/Source/portable/GCC/ARM_CM4F/port.o
                0x08009b1c                pxPortInitialiseStack
 .text.prvTaskExitError
                0x08009b84       0x5c ./Middlewares/Third_Party/FreeRTOS/Source/portable/GCC/ARM_CM4F/port.o
 .text.SVC_Handler
                0x08009be0       0x28 ./Middlewares/Third_Party/FreeRTOS/Source/portable/GCC/ARM_CM4F/port.o
                0x08009be0                SVC_Handler
 .text.prvPortStartFirstTask
                0x08009c08       0x28 ./Middlewares/Third_Party/FreeRTOS/Source/portable/GCC/ARM_CM4F/port.o
 .text.xPortStartScheduler
                0x08009c30      0x148 ./Middlewares/Third_Party/FreeRTOS/Source/portable/GCC/ARM_CM4F/port.o
                0x08009c30                xPortStartScheduler
 .text.vPortEnterCritical
                0x08009d78       0x64 ./Middlewares/Third_Party/FreeRTOS/Source/portable/GCC/ARM_CM4F/port.o
                0x08009d78                vPortEnterCritical
 .text.vPortExitCritical
                0x08009ddc       0x54 ./Middlewares/Third_Party/FreeRTOS/Source/portable/GCC/ARM_CM4F/port.o
                0x08009ddc                vPortExitCritical
 .text.PendSV_Handler
                0x08009e30       0x68 ./Middlewares/Third_Party/FreeRTOS/Source/portable/GCC/ARM_CM4F/port.o
                0x08009e30                PendSV_Handler
 .text.xPortSysTickHandler
                0x08009e98       0x44 ./Middlewares/Third_Party/FreeRTOS/Source/portable/GCC/ARM_CM4F/port.o
                0x08009e98                xPortSysTickHandler
 .text.vPortSetupTimerInterrupt
                0x08009edc       0x48 ./Middlewares/Third_Party/FreeRTOS/Source/portable/GCC/ARM_CM4F/port.o
                0x08009edc                vPortSetupTimerInterrupt
 .text.vPortEnableVFP
                0x08009f24       0x14 ./Middlewares/Third_Party/FreeRTOS/Source/portable/GCC/ARM_CM4F/port.o
 .text.vPortValidateInterruptPriority
                0x08009f38       0x84 ./Middlewares/Third_Party/FreeRTOS/Source/portable/GCC/ARM_CM4F/port.o
                0x08009f38                vPortValidateInterruptPriority
 .text.pvPortMalloc
                0x08009fbc      0x19c ./Middlewares/Third_Party/FreeRTOS/Source/portable/MemMang/heap_4.o
                0x08009fbc                pvPortMalloc
 .text.vPortFree
                0x0800a158       0xc8 ./Middlewares/Third_Party/FreeRTOS/Source/portable/MemMang/heap_4.o
                0x0800a158                vPortFree
 .text.prvHeapInit
                0x0800a220       0xc4 ./Middlewares/Third_Party/FreeRTOS/Source/portable/MemMang/heap_4.o
 .text.prvInsertBlockIntoFreeList
                0x0800a2e4       0xb4 ./Middlewares/Third_Party/FreeRTOS/Source/portable/MemMang/heap_4.o
 .text.cJSON_GetNumberValue
                0x0800a398       0x38 ./cJSON/cJSON.o
                0x0800a398                cJSON_GetNumberValue
 .text.case_insensitive_strcmp
                0x0800a3d0       0xd8 ./cJSON/cJSON.o
 .text.cJSON_strdup
                0x0800a4a8       0x50 ./cJSON/cJSON.o
 .text.cJSON_InitHooks
                0x0800a4f8       0x88 ./cJSON/cJSON.o
                0x0800a4f8                cJSON_InitHooks
 .text.cJSON_New_Item
                0x0800a580       0x2c ./cJSON/cJSON.o
 .text.cJSON_Delete
                0x0800a5ac       0x94 ./cJSON/cJSON.o
                0x0800a5ac                cJSON_Delete
 .text.get_decimal_point
                0x0800a640       0x10 ./cJSON/cJSON.o
 .text.parse_number
                0x0800a650      0x198 ./cJSON/cJSON.o
 .text.ensure   0x0800a7e8      0x134 ./cJSON/cJSON.o
 .text.update_offset
                0x0800a91c       0x42 ./cJSON/cJSON.o
 *fill*         0x0800a95e        0x2 
 .text.compare_double
                0x0800a960       0x90 ./cJSON/cJSON.o
 .text.print_number
                0x0800a9f0      0x1e0 ./cJSON/cJSON.o
 .text.parse_hex4
                0x0800abd0       0xc4 ./cJSON/cJSON.o
 .text.utf16_literal_to_utf8
                0x0800ac94      0x1d0 ./cJSON/cJSON.o
 .text.parse_string
                0x0800ae64      0x28c ./cJSON/cJSON.o
 .text.print_string_ptr
                0x0800b0f0      0x260 ./cJSON/cJSON.o
 .text.print_string
                0x0800b350       0x20 ./cJSON/cJSON.o
 .text.buffer_skip_whitespace
                0x0800b370       0x80 ./cJSON/cJSON.o
 .text.skip_utf8_bom
                0x0800b3f0       0x68 ./cJSON/cJSON.o
 .text.cJSON_ParseWithLengthOpts
                0x0800b458      0x134 ./cJSON/cJSON.o
                0x0800b458                cJSON_ParseWithLengthOpts
 .text.cJSON_ParseWithLength
                0x0800b58c       0x20 ./cJSON/cJSON.o
                0x0800b58c                cJSON_ParseWithLength
 .text.print    0x0800b5ac      0x108 ./cJSON/cJSON.o
 .text.cJSON_Print
                0x0800b6b4       0x20 ./cJSON/cJSON.o
                0x0800b6b4                cJSON_Print
 .text.parse_value
                0x0800b6d4      0x1d8 ./cJSON/cJSON.o
 .text.print_value
                0x0800b8ac      0x1c8 ./cJSON/cJSON.o
 .text.parse_array
                0x0800ba74      0x188 ./cJSON/cJSON.o
 .text.print_array
                0x0800bbfc      0x10c ./cJSON/cJSON.o
 .text.parse_object
                0x0800bd08      0x1fe ./cJSON/cJSON.o
 .text.print_object
                0x0800bf06      0x23c ./cJSON/cJSON.o
 .text.get_object_item
                0x0800c142       0x90 ./cJSON/cJSON.o
 .text.cJSON_GetObjectItem
                0x0800c1d2       0x1e ./cJSON/cJSON.o
                0x0800c1d2                cJSON_GetObjectItem
 .text.suffix_object
                0x0800c1f0       0x22 ./cJSON/cJSON.o
 .text.add_item_to_array
                0x0800c212       0x6c ./cJSON/cJSON.o
 .text.cast_away_const
                0x0800c27e       0x16 ./cJSON/cJSON.o
 .text.add_item_to_object
                0x0800c294       0xaa ./cJSON/cJSON.o
 *fill*         0x0800c33e        0x2 
 .text.cJSON_AddItemToObject
                0x0800c340       0x2c ./cJSON/cJSON.o
                0x0800c340                cJSON_AddItemToObject
 *fill*         0x0800c36c        0x4 
 .text.cJSON_CreateNumber
                0x0800c370       0x90 ./cJSON/cJSON.o
                0x0800c370                cJSON_CreateNumber
 .text.cJSON_CreateObject
                0x0800c400       0x28 ./cJSON/cJSON.o
                0x0800c400                cJSON_CreateObject
 .text.cJSON_IsTrue
                0x0800c428       0x2e ./cJSON/cJSON.o
                0x0800c428                cJSON_IsTrue
 .text.cJSON_IsNumber
                0x0800c456       0x2e ./cJSON/cJSON.o
                0x0800c456                cJSON_IsNumber
 .text.cJSON_IsObject
                0x0800c484       0x2e ./cJSON/cJSON.o
                0x0800c484                cJSON_IsObject
 .text.prv_crc_in
                0x0800c4b2       0xa0 ./lwpkt/src/lwpkt/lwpkt.o
 .text.prv_crc_init
                0x0800c552       0x1a ./lwpkt/src/lwpkt/lwpkt.o
 .text.lwpkt_init
                0x0800c56c       0x54 ./lwpkt/src/lwpkt/lwpkt.o
                0x0800c56c                lwpkt_init
 .text.lwpkt_read
                0x0800c5c0      0x2a0 ./lwpkt/src/lwpkt/lwpkt.o
                0x0800c5c0                lwpkt_read
 .text.lwpkt_process
                0x0800c860       0x90 ./lwpkt/src/lwpkt/lwpkt.o
                0x0800c860                lwpkt_process
 .text.lwpkt_write
                0x0800c8f0      0x178 ./lwpkt/src/lwpkt/lwpkt.o
                0x0800c8f0                lwpkt_write
 .text.lwpkt_reset
                0x0800ca68       0x34 ./lwpkt/src/lwpkt/lwpkt.o
                0x0800ca68                lwpkt_reset
 .text.lwpkt_set_evt_fn
                0x0800ca9c       0x20 ./lwpkt/src/lwpkt/lwpkt.o
                0x0800ca9c                lwpkt_set_evt_fn
 .text.lwrb_init
                0x0800cabc       0x62 ./lwrb/src/lwrb/lwrb.o
                0x0800cabc                lwrb_init
 .text.lwrb_set_evt_fn
                0x0800cb1e       0x32 ./lwrb/src/lwrb/lwrb.o
                0x0800cb1e                lwrb_set_evt_fn
 .text.lwrb_write
                0x0800cb50       0x36 ./lwrb/src/lwrb/lwrb.o
                0x0800cb50                lwrb_write
 .text.lwrb_write_ex
                0x0800cb86      0x120 ./lwrb/src/lwrb/lwrb.o
                0x0800cb86                lwrb_write_ex
 .text.lwrb_read
                0x0800cca6       0x36 ./lwrb/src/lwrb/lwrb.o
                0x0800cca6                lwrb_read
 .text.lwrb_read_ex
                0x0800ccdc      0x120 ./lwrb/src/lwrb/lwrb.o
                0x0800ccdc                lwrb_read_ex
 .text.lwrb_get_free
                0x0800cdfc       0x82 ./lwrb/src/lwrb/lwrb.o
                0x0800cdfc                lwrb_get_free
 .text.lwrb_get_full
                0x0800ce7e       0x7e ./lwrb/src/lwrb/lwrb.o
                0x0800ce7e                lwrb_get_full
 .text.lwrb_get_linear_block_read_address
                0x0800cefc       0x38 ./lwrb/src/lwrb/lwrb.o
                0x0800cefc                lwrb_get_linear_block_read_address
 .text.lwrb_get_linear_block_read_length
                0x0800cf34       0x7a ./lwrb/src/lwrb/lwrb.o
                0x0800cf34                lwrb_get_linear_block_read_length
 .text.lwrb_skip
                0x0800cfae       0xa0 ./lwrb/src/lwrb/lwrb.o
                0x0800cfae                lwrb_skip
 .text.motor_init
                0x0800d04e       0x20 ./mecanum/mecanum.o
                0x0800d04e                motor_init
 .text.motor_stop
                0x0800d06e       0x40 ./mecanum/mecanum.o
                0x0800d06e                motor_stop
 .text.motor_run
                0x0800d0ae      0x154 ./mecanum/mecanum.o
                0x0800d0ae                motor_run
 .text.encoder_init
                0x0800d202       0x38 ./mecanum/mecanum.o
                0x0800d202                encoder_init
 .text.encoder_callback
                0x0800d23a       0x62 ./mecanum/mecanum.o
                0x0800d23a                encoder_callback
 .text.encoder_get_speed
                0x0800d29c       0x1e ./mecanum/mecanum.o
                0x0800d29c                encoder_get_speed
 .text.mecanum_robot_init
                0x0800d2ba       0x6a ./mecanum/mecanum.o
                0x0800d2ba                mecanum_robot_init
 .text.mecanum_robot_stop
                0x0800d324       0x38 ./mecanum/mecanum.o
                0x0800d324                mecanum_robot_stop
 *fill*         0x0800d35c        0x4 
 .text.mecanum_robot_move
                0x0800d360      0x214 ./mecanum/mecanum.o
                0x0800d360                mecanum_robot_move
 .text.mecanum_robot_encoders_callback
                0x0800d574       0x42 ./mecanum/mecanum.o
                0x0800d574                mecanum_robot_encoders_callback
 .text.mecanum_robot_get_encoder_speeds
                0x0800d5b6       0x62 ./mecanum/mecanum.o
                0x0800d5b6                mecanum_robot_get_encoder_speeds
 .text.malloc   0x0800d618       0x10 /opt/st/stm32cubeide_1.15.1_2/plugins/com.st.stm32cube.ide.mcu.externaltools.gnu-tools-for-stm32.12.3.rel1.linux64_1.0.100.202403111256/tools/bin/../lib/gcc/arm-none-eabi/12.3.1/../../../../arm-none-eabi/lib/thumb/v7e-m+fp/hard/libc_nano.a(libc_a-malloc.o)
                0x0800d618                malloc
 .text.free     0x0800d628       0x10 /opt/st/stm32cubeide_1.15.1_2/plugins/com.st.stm32cube.ide.mcu.externaltools.gnu-tools-for-stm32.12.3.rel1.linux64_1.0.100.202403111256/tools/bin/../lib/gcc/arm-none-eabi/12.3.1/../../../../arm-none-eabi/lib/thumb/v7e-m+fp/hard/libc_nano.a(libc_a-malloc.o)
                0x0800d628                free
 .text.sbrk_aligned
                0x0800d638       0x44 /opt/st/stm32cubeide_1.15.1_2/plugins/com.st.stm32cube.ide.mcu.externaltools.gnu-tools-for-stm32.12.3.rel1.linux64_1.0.100.202403111256/tools/bin/../lib/gcc/arm-none-eabi/12.3.1/../../../../arm-none-eabi/lib/thumb/v7e-m+fp/hard/libc_nano.a(libc_a-mallocr.o)
 .text._malloc_r
                0x0800d67c      0x100 /opt/st/stm32cubeide_1.15.1_2/plugins/com.st.stm32cube.ide.mcu.externaltools.gnu-tools-for-stm32.12.3.rel1.linux64_1.0.100.202403111256/tools/bin/../lib/gcc/arm-none-eabi/12.3.1/../../../../arm-none-eabi/lib/thumb/v7e-m+fp/hard/libc_nano.a(libc_a-mallocr.o)
                0x0800d67c                _malloc_r
 .text.__malloc_lock
                0x0800d77c        0xc /opt/st/stm32cubeide_1.15.1_2/plugins/com.st.stm32cube.ide.mcu.externaltools.gnu-tools-for-stm32.12.3.rel1.linux64_1.0.100.202403111256/tools/bin/../lib/gcc/arm-none-eabi/12.3.1/../../../../arm-none-eabi/lib/thumb/v7e-m+fp/hard/libc_nano.a(libc_a-mlock.o)
                0x0800d77c                __malloc_lock
 .text.__malloc_unlock
                0x0800d788        0xc /opt/st/stm32cubeide_1.15.1_2/plugins/com.st.stm32cube.ide.mcu.externaltools.gnu-tools-for-stm32.12.3.rel1.linux64_1.0.100.202403111256/tools/bin/../lib/gcc/arm-none-eabi/12.3.1/../../../../arm-none-eabi/lib/thumb/v7e-m+fp/hard/libc_nano.a(libc_a-mlock.o)
                0x0800d788                __malloc_unlock
 .text.realloc  0x0800d794       0x10 /opt/st/stm32cubeide_1.15.1_2/plugins/com.st.stm32cube.ide.mcu.externaltools.gnu-tools-for-stm32.12.3.rel1.linux64_1.0.100.202403111256/tools/bin/../lib/gcc/arm-none-eabi/12.3.1/../../../../arm-none-eabi/lib/thumb/v7e-m+fp/hard/libc_nano.a(libc_a-realloc.o)
                0x0800d794                realloc
 .text._realloc_r
                0x0800d7a4       0x5c /opt/st/stm32cubeide_1.15.1_2/plugins/com.st.stm32cube.ide.mcu.externaltools.gnu-tools-for-stm32.12.3.rel1.linux64_1.0.100.202403111256/tools/bin/../lib/gcc/arm-none-eabi/12.3.1/../../../../arm-none-eabi/lib/thumb/v7e-m+fp/hard/libc_nano.a(libc_a-reallocr.o)
                0x0800d7a4                _realloc_r
 .text.sulp     0x0800d800       0x3c /opt/st/stm32cubeide_1.15.1_2/plugins/com.st.stm32cube.ide.mcu.externaltools.gnu-tools-for-stm32.12.3.rel1.linux64_1.0.100.202403111256/tools/bin/../lib/gcc/arm-none-eabi/12.3.1/../../../../arm-none-eabi/lib/thumb/v7e-m+fp/hard/libc_nano.a(libc_a-strtod.o)
 *fill*         0x0800d83c        0x4 
 .text._strtod_l
                0x0800d840      0xbc8 /opt/st/stm32cubeide_1.15.1_2/plugins/com.st.stm32cube.ide.mcu.externaltools.gnu-tools-for-stm32.12.3.rel1.linux64_1.0.100.202403111256/tools/bin/../lib/gcc/arm-none-eabi/12.3.1/../../../../arm-none-eabi/lib/thumb/v7e-m+fp/hard/libc_nano.a(libc_a-strtod.o)
                0x0800d840                _strtod_l
 .text.strtod   0x0800e408       0x18 /opt/st/stm32cubeide_1.15.1_2/plugins/com.st.stm32cube.ide.mcu.externaltools.gnu-tools-for-stm32.12.3.rel1.linux64_1.0.100.202403111256/tools/bin/../lib/gcc/arm-none-eabi/12.3.1/../../../../arm-none-eabi/lib/thumb/v7e-m+fp/hard/libc_nano.a(libc_a-strtod.o)
                0x0800e408                strtod
 .text.__cvt    0x0800e420       0xca /opt/st/stm32cubeide_1.15.1_2/plugins/com.st.stm32cube.ide.mcu.externaltools.gnu-tools-for-stm32.12.3.rel1.linux64_1.0.100.202403111256/tools/bin/../lib/gcc/arm-none-eabi/12.3.1/../../../../arm-none-eabi/lib/thumb/v7e-m+fp/hard/libc_nano.a(libc_a-nano-vfprintf_float.o)
                0x0800e420                __cvt
 .text.__exponent
                0x0800e4ea       0x74 /opt/st/stm32cubeide_1.15.1_2/plugins/com.st.stm32cube.ide.mcu.externaltools.gnu-tools-for-stm32.12.3.rel1.linux64_1.0.100.202403111256/tools/bin/../lib/gcc/arm-none-eabi/12.3.1/../../../../arm-none-eabi/lib/thumb/v7e-m+fp/hard/libc_nano.a(libc_a-nano-vfprintf_float.o)
                0x0800e4ea                __exponent
 *fill*         0x0800e55e        0x2 
 .text._printf_float
                0x0800e560      0x454 /opt/st/stm32cubeide_1.15.1_2/plugins/com.st.stm32cube.ide.mcu.externaltools.gnu-tools-for-stm32.12.3.rel1.linux64_1.0.100.202403111256/tools/bin/../lib/gcc/arm-none-eabi/12.3.1/../../../../arm-none-eabi/lib/thumb/v7e-m+fp/hard/libc_nano.a(libc_a-nano-vfprintf_float.o)
                0x0800e560                _printf_float
 .text._printf_common
                0x0800e9b4       0xda /opt/st/stm32cubeide_1.15.1_2/plugins/com.st.stm32cube.ide.mcu.externaltools.gnu-tools-for-stm32.12.3.rel1.linux64_1.0.100.202403111256/tools/bin/../lib/gcc/arm-none-eabi/12.3.1/../../../../arm-none-eabi/lib/thumb/v7e-m+fp/hard/libc_nano.a(libc_a-nano-vfprintf_i.o)
                0x0800e9b4                _printf_common
 *fill*         0x0800ea8e        0x2 
 .text._printf_i
                0x0800ea90      0x240 /opt/st/stm32cubeide_1.15.1_2/plugins/com.st.stm32cube.ide.mcu.externaltools.gnu-tools-for-stm32.12.3.rel1.linux64_1.0.100.202403111256/tools/bin/../lib/gcc/arm-none-eabi/12.3.1/../../../../arm-none-eabi/lib/thumb/v7e-m+fp/hard/libc_nano.a(libc_a-nano-vfprintf_i.o)
                0x0800ea90                _printf_i
 .text.std      0x0800ecd0       0x6c /opt/st/stm32cubeide_1.15.1_2/plugins/com.st.stm32cube.ide.mcu.externaltools.gnu-tools-for-stm32.12.3.rel1.linux64_1.0.100.202403111256/tools/bin/../lib/gcc/arm-none-eabi/12.3.1/../../../../arm-none-eabi/lib/thumb/v7e-m+fp/hard/libc_nano.a(libc_a-findfp.o)
 .text.stdio_exit_handler
                0x0800ed3c       0x18 /opt/st/stm32cubeide_1.15.1_2/plugins/com.st.stm32cube.ide.mcu.externaltools.gnu-tools-for-stm32.12.3.rel1.linux64_1.0.100.202403111256/tools/bin/../lib/gcc/arm-none-eabi/12.3.1/../../../../arm-none-eabi/lib/thumb/v7e-m+fp/hard/libc_nano.a(libc_a-findfp.o)
 .text.cleanup_stdio
                0x0800ed54       0x40 /opt/st/stm32cubeide_1.15.1_2/plugins/com.st.stm32cube.ide.mcu.externaltools.gnu-tools-for-stm32.12.3.rel1.linux64_1.0.100.202403111256/tools/bin/../lib/gcc/arm-none-eabi/12.3.1/../../../../arm-none-eabi/lib/thumb/v7e-m+fp/hard/libc_nano.a(libc_a-findfp.o)
 .text.global_stdio_init.part.0
                0x0800ed94       0x3c /opt/st/stm32cubeide_1.15.1_2/plugins/com.st.stm32cube.ide.mcu.externaltools.gnu-tools-for-stm32.12.3.rel1.linux64_1.0.100.202403111256/tools/bin/../lib/gcc/arm-none-eabi/12.3.1/../../../../arm-none-eabi/lib/thumb/v7e-m+fp/hard/libc_nano.a(libc_a-findfp.o)
 .text.__sfp_lock_acquire
                0x0800edd0        0xc /opt/st/stm32cubeide_1.15.1_2/plugins/com.st.stm32cube.ide.mcu.externaltools.gnu-tools-for-stm32.12.3.rel1.linux64_1.0.100.202403111256/tools/bin/../lib/gcc/arm-none-eabi/12.3.1/../../../../arm-none-eabi/lib/thumb/v7e-m+fp/hard/libc_nano.a(libc_a-findfp.o)
                0x0800edd0                __sfp_lock_acquire
 .text.__sfp_lock_release
                0x0800eddc        0xc /opt/st/stm32cubeide_1.15.1_2/plugins/com.st.stm32cube.ide.mcu.externaltools.gnu-tools-for-stm32.12.3.rel1.linux64_1.0.100.202403111256/tools/bin/../lib/gcc/arm-none-eabi/12.3.1/../../../../arm-none-eabi/lib/thumb/v7e-m+fp/hard/libc_nano.a(libc_a-findfp.o)
                0x0800eddc                __sfp_lock_release
 .text.__sinit  0x0800ede8       0x30 /opt/st/stm32cubeide_1.15.1_2/plugins/com.st.stm32cube.ide.mcu.externaltools.gnu-tools-for-stm32.12.3.rel1.linux64_1.0.100.202403111256/tools/bin/../lib/gcc/arm-none-eabi/12.3.1/../../../../arm-none-eabi/lib/thumb/v7e-m+fp/hard/libc_nano.a(libc_a-findfp.o)
                0x0800ede8                __sinit
 .text._fwalk_sglue
                0x0800ee18       0x3c /opt/st/stm32cubeide_1.15.1_2/plugins/com.st.stm32cube.ide.mcu.externaltools.gnu-tools-for-stm32.12.3.rel1.linux64_1.0.100.202403111256/tools/bin/../lib/gcc/arm-none-eabi/12.3.1/../../../../arm-none-eabi/lib/thumb/v7e-m+fp/hard/libc_nano.a(libc_a-fwalk.o)
                0x0800ee18                _fwalk_sglue
 .text.printf   0x0800ee54       0x24 /opt/st/stm32cubeide_1.15.1_2/plugins/com.st.stm32cube.ide.mcu.externaltools.gnu-tools-for-stm32.12.3.rel1.linux64_1.0.100.202403111256/tools/bin/../lib/gcc/arm-none-eabi/12.3.1/../../../../arm-none-eabi/lib/thumb/v7e-m+fp/hard/libc_nano.a(libc_a-printf.o)
                0x0800ee54                printf
                0x0800ee54                iprintf
 .text._puts_r  0x0800ee78       0xaa /opt/st/stm32cubeide_1.15.1_2/plugins/com.st.stm32cube.ide.mcu.externaltools.gnu-tools-for-stm32.12.3.rel1.linux64_1.0.100.202403111256/tools/bin/../lib/gcc/arm-none-eabi/12.3.1/../../../../arm-none-eabi/lib/thumb/v7e-m+fp/hard/libc_nano.a(libc_a-puts.o)
                0x0800ee78                _puts_r
 *fill*         0x0800ef22        0x2 
 .text.puts     0x0800ef24       0x10 /opt/st/stm32cubeide_1.15.1_2/plugins/com.st.stm32cube.ide.mcu.externaltools.gnu-tools-for-stm32.12.3.rel1.linux64_1.0.100.202403111256/tools/bin/../lib/gcc/arm-none-eabi/12.3.1/../../../../arm-none-eabi/lib/thumb/v7e-m+fp/hard/libc_nano.a(libc_a-puts.o)
                0x0800ef24                puts
 .text.sprintf  0x0800ef34       0x40 /opt/st/stm32cubeide_1.15.1_2/plugins/com.st.stm32cube.ide.mcu.externaltools.gnu-tools-for-stm32.12.3.rel1.linux64_1.0.100.202403111256/tools/bin/../lib/gcc/arm-none-eabi/12.3.1/../../../../arm-none-eabi/lib/thumb/v7e-m+fp/hard/libc_nano.a(libc_a-sprintf.o)
                0x0800ef34                sprintf
                0x0800ef34                siprintf
 .text.sscanf   0x0800ef74       0x54 /opt/st/stm32cubeide_1.15.1_2/plugins/com.st.stm32cube.ide.mcu.externaltools.gnu-tools-for-stm32.12.3.rel1.linux64_1.0.100.202403111256/tools/bin/../lib/gcc/arm-none-eabi/12.3.1/../../../../arm-none-eabi/lib/thumb/v7e-m+fp/hard/libc_nano.a(libc_a-sscanf.o)
                0x0800ef74                sscanf
                0x0800ef74                siscanf
 .text.__sread  0x0800efc8       0x22 /opt/st/stm32cubeide_1.15.1_2/plugins/com.st.stm32cube.ide.mcu.externaltools.gnu-tools-for-stm32.12.3.rel1.linux64_1.0.100.202403111256/tools/bin/../lib/gcc/arm-none-eabi/12.3.1/../../../../arm-none-eabi/lib/thumb/v7e-m+fp/hard/libc_nano.a(libc_a-stdio.o)
                0x0800efc8                __sread
 .text.__seofread
                0x0800efea        0x4 /opt/st/stm32cubeide_1.15.1_2/plugins/com.st.stm32cube.ide.mcu.externaltools.gnu-tools-for-stm32.12.3.rel1.linux64_1.0.100.202403111256/tools/bin/../lib/gcc/arm-none-eabi/12.3.1/../../../../arm-none-eabi/lib/thumb/v7e-m+fp/hard/libc_nano.a(libc_a-stdio.o)
                0x0800efea                __seofread
 .text.__swrite
                0x0800efee       0x38 /opt/st/stm32cubeide_1.15.1_2/plugins/com.st.stm32cube.ide.mcu.externaltools.gnu-tools-for-stm32.12.3.rel1.linux64_1.0.100.202403111256/tools/bin/../lib/gcc/arm-none-eabi/12.3.1/../../../../arm-none-eabi/lib/thumb/v7e-m+fp/hard/libc_nano.a(libc_a-stdio.o)
                0x0800efee                __swrite
 .text.__sseek  0x0800f026       0x24 /opt/st/stm32cubeide_1.15.1_2/plugins/com.st.stm32cube.ide.mcu.externaltools.gnu-tools-for-stm32.12.3.rel1.linux64_1.0.100.202403111256/tools/bin/../lib/gcc/arm-none-eabi/12.3.1/../../../../arm-none-eabi/lib/thumb/v7e-m+fp/hard/libc_nano.a(libc_a-stdio.o)
                0x0800f026                __sseek
 .text.__sclose
                0x0800f04a        0x8 /opt/st/stm32cubeide_1.15.1_2/plugins/com.st.stm32cube.ide.mcu.externaltools.gnu-tools-for-stm32.12.3.rel1.linux64_1.0.100.202403111256/tools/bin/../lib/gcc/arm-none-eabi/12.3.1/../../../../arm-none-eabi/lib/thumb/v7e-m+fp/hard/libc_nano.a(libc_a-stdio.o)
                0x0800f04a                __sclose
 .text.__swbuf_r
                0x0800f052       0x7c /opt/st/stm32cubeide_1.15.1_2/plugins/com.st.stm32cube.ide.mcu.externaltools.gnu-tools-for-stm32.12.3.rel1.linux64_1.0.100.202403111256/tools/bin/../lib/gcc/arm-none-eabi/12.3.1/../../../../arm-none-eabi/lib/thumb/v7e-m+fp/hard/libc_nano.a(libc_a-wbuf.o)
                0x0800f052                __swbuf_r
 *fill*         0x0800f0ce        0x2 
 .text.__swsetup_r
                0x0800f0d0       0xac /opt/st/stm32cubeide_1.15.1_2/plugins/com.st.stm32cube.ide.mcu.externaltools.gnu-tools-for-stm32.12.3.rel1.linux64_1.0.100.202403111256/tools/bin/../lib/gcc/arm-none-eabi/12.3.1/../../../../arm-none-eabi/lib/thumb/v7e-m+fp/hard/libc_nano.a(libc_a-wsetup.o)
                0x0800f0d0                __swsetup_r
 .text.memset   0x0800f17c       0x10 /opt/st/stm32cubeide_1.15.1_2/plugins/com.st.stm32cube.ide.mcu.externaltools.gnu-tools-for-stm32.12.3.rel1.linux64_1.0.100.202403111256/tools/bin/../lib/gcc/arm-none-eabi/12.3.1/../../../../arm-none-eabi/lib/thumb/v7e-m+fp/hard/libc_nano.a(libc_a-memset.o)
                0x0800f17c                memset
 .text.strncmp  0x0800f18c       0x24 /opt/st/stm32cubeide_1.15.1_2/plugins/com.st.stm32cube.ide.mcu.externaltools.gnu-tools-for-stm32.12.3.rel1.linux64_1.0.100.202403111256/tools/bin/../lib/gcc/arm-none-eabi/12.3.1/../../../../arm-none-eabi/lib/thumb/v7e-m+fp/hard/libc_nano.a(libc_a-strncmp.o)
                0x0800f18c                strncmp
 .text._localeconv_r
                0x0800f1b0        0x8 /opt/st/stm32cubeide_1.15.1_2/plugins/com.st.stm32cube.ide.mcu.externaltools.gnu-tools-for-stm32.12.3.rel1.linux64_1.0.100.202403111256/tools/bin/../lib/gcc/arm-none-eabi/12.3.1/../../../../arm-none-eabi/lib/thumb/v7e-m+fp/hard/libc_nano.a(libc_a-localeconv.o)
                0x0800f1b0                _localeconv_r
 .text._close_r
                0x0800f1b8       0x20 /opt/st/stm32cubeide_1.15.1_2/plugins/com.st.stm32cube.ide.mcu.externaltools.gnu-tools-for-stm32.12.3.rel1.linux64_1.0.100.202403111256/tools/bin/../lib/gcc/arm-none-eabi/12.3.1/../../../../arm-none-eabi/lib/thumb/v7e-m+fp/hard/libc_nano.a(libc_a-closer.o)
                0x0800f1b8                _close_r
 .text._reclaim_reent
                0x0800f1d8       0xac /opt/st/stm32cubeide_1.15.1_2/plugins/com.st.stm32cube.ide.mcu.externaltools.gnu-tools-for-stm32.12.3.rel1.linux64_1.0.100.202403111256/tools/bin/../lib/gcc/arm-none-eabi/12.3.1/../../../../arm-none-eabi/lib/thumb/v7e-m+fp/hard/libc_nano.a(libc_a-reent.o)
                0x0800f1d8                _reclaim_reent
 .text._lseek_r
                0x0800f284       0x24 /opt/st/stm32cubeide_1.15.1_2/plugins/com.st.stm32cube.ide.mcu.externaltools.gnu-tools-for-stm32.12.3.rel1.linux64_1.0.100.202403111256/tools/bin/../lib/gcc/arm-none-eabi/12.3.1/../../../../arm-none-eabi/lib/thumb/v7e-m+fp/hard/libc_nano.a(libc_a-lseekr.o)
                0x0800f284                _lseek_r
 .text._read_r  0x0800f2a8       0x24 /opt/st/stm32cubeide_1.15.1_2/plugins/com.st.stm32cube.ide.mcu.externaltools.gnu-tools-for-stm32.12.3.rel1.linux64_1.0.100.202403111256/tools/bin/../lib/gcc/arm-none-eabi/12.3.1/../../../../arm-none-eabi/lib/thumb/v7e-m+fp/hard/libc_nano.a(libc_a-readr.o)
                0x0800f2a8                _read_r
 .text._sbrk_r  0x0800f2cc       0x20 /opt/st/stm32cubeide_1.15.1_2/plugins/com.st.stm32cube.ide.mcu.externaltools.gnu-tools-for-stm32.12.3.rel1.linux64_1.0.100.202403111256/tools/bin/../lib/gcc/arm-none-eabi/12.3.1/../../../../arm-none-eabi/lib/thumb/v7e-m+fp/hard/libc_nano.a(libc_a-sbrkr.o)
                0x0800f2cc                _sbrk_r
 .text._write_r
                0x0800f2ec       0x24 /opt/st/stm32cubeide_1.15.1_2/plugins/com.st.stm32cube.ide.mcu.externaltools.gnu-tools-for-stm32.12.3.rel1.linux64_1.0.100.202403111256/tools/bin/../lib/gcc/arm-none-eabi/12.3.1/../../../../arm-none-eabi/lib/thumb/v7e-m+fp/hard/libc_nano.a(libc_a-writer.o)
                0x0800f2ec                _write_r
 .text.__errno  0x0800f310        0xc /opt/st/stm32cubeide_1.15.1_2/plugins/com.st.stm32cube.ide.mcu.externaltools.gnu-tools-for-stm32.12.3.rel1.linux64_1.0.100.202403111256/tools/bin/../lib/gcc/arm-none-eabi/12.3.1/../../../../arm-none-eabi/lib/thumb/v7e-m+fp/hard/libc_nano.a(libc_a-errno.o)
                0x0800f310                __errno
 .text.__libc_init_array
                0x0800f31c       0x48 /opt/st/stm32cubeide_1.15.1_2/plugins/com.st.stm32cube.ide.mcu.externaltools.gnu-tools-for-stm32.12.3.rel1.linux64_1.0.100.202403111256/tools/bin/../lib/gcc/arm-none-eabi/12.3.1/../../../../arm-none-eabi/lib/thumb/v7e-m+fp/hard/libc_nano.a(libc_a-init.o)
                0x0800f31c                __libc_init_array
 .text.__retarget_lock_init_recursive
                0x0800f364        0x2 /opt/st/stm32cubeide_1.15.1_2/plugins/com.st.stm32cube.ide.mcu.externaltools.gnu-tools-for-stm32.12.3.rel1.linux64_1.0.100.202403111256/tools/bin/../lib/gcc/arm-none-eabi/12.3.1/../../../../arm-none-eabi/lib/thumb/v7e-m+fp/hard/libc_nano.a(libc_a-lock.o)
                0x0800f364                __retarget_lock_init_recursive
 .text.__retarget_lock_acquire_recursive
                0x0800f366        0x2 /opt/st/stm32cubeide_1.15.1_2/plugins/com.st.stm32cube.ide.mcu.externaltools.gnu-tools-for-stm32.12.3.rel1.linux64_1.0.100.202403111256/tools/bin/../lib/gcc/arm-none-eabi/12.3.1/../../../../arm-none-eabi/lib/thumb/v7e-m+fp/hard/libc_nano.a(libc_a-lock.o)
                0x0800f366                __retarget_lock_acquire_recursive
 .text.__retarget_lock_release_recursive
                0x0800f368        0x2 /opt/st/stm32cubeide_1.15.1_2/plugins/com.st.stm32cube.ide.mcu.externaltools.gnu-tools-for-stm32.12.3.rel1.linux64_1.0.100.202403111256/tools/bin/../lib/gcc/arm-none-eabi/12.3.1/../../../../arm-none-eabi/lib/thumb/v7e-m+fp/hard/libc_nano.a(libc_a-lock.o)
                0x0800f368                __retarget_lock_release_recursive
 .text.memcpy   0x0800f36a       0x1c /opt/st/stm32cubeide_1.15.1_2/plugins/com.st.stm32cube.ide.mcu.externaltools.gnu-tools-for-stm32.12.3.rel1.linux64_1.0.100.202403111256/tools/bin/../lib/gcc/arm-none-eabi/12.3.1/../../../../arm-none-eabi/lib/thumb/v7e-m+fp/hard/libc_nano.a(libc_a-memcpy-stub.o)
                0x0800f36a                memcpy
 *fill*         0x0800f386        0x2 
 .text.nan      0x0800f388       0x10 /opt/st/stm32cubeide_1.15.1_2/plugins/com.st.stm32cube.ide.mcu.externaltools.gnu-tools-for-stm32.12.3.rel1.linux64_1.0.100.202403111256/tools/bin/../lib/gcc/arm-none-eabi/12.3.1/../../../../arm-none-eabi/lib/thumb/v7e-m+fp/hard/libc_nano.a(libm_a-s_nan.o)
                0x0800f388                nan
 .text.quorem   0x0800f398      0x110 /opt/st/stm32cubeide_1.15.1_2/plugins/com.st.stm32cube.ide.mcu.externaltools.gnu-tools-for-stm32.12.3.rel1.linux64_1.0.100.202403111256/tools/bin/../lib/gcc/arm-none-eabi/12.3.1/../../../../arm-none-eabi/lib/thumb/v7e-m+fp/hard/libc_nano.a(libc_a-dtoa.o)
 .text._dtoa_r  0x0800f4a8      0xb88 /opt/st/stm32cubeide_1.15.1_2/plugins/com.st.stm32cube.ide.mcu.externaltools.gnu-tools-for-stm32.12.3.rel1.linux64_1.0.100.202403111256/tools/bin/../lib/gcc/arm-none-eabi/12.3.1/../../../../arm-none-eabi/lib/thumb/v7e-m+fp/hard/libc_nano.a(libc_a-dtoa.o)
                0x0800f4a8                _dtoa_r
 .text._free_r  0x08010030       0x94 /opt/st/stm32cubeide_1.15.1_2/plugins/com.st.stm32cube.ide.mcu.externaltools.gnu-tools-for-stm32.12.3.rel1.linux64_1.0.100.202403111256/tools/bin/../lib/gcc/arm-none-eabi/12.3.1/../../../../arm-none-eabi/lib/thumb/v7e-m+fp/hard/libc_nano.a(libc_a-freer.o)
                0x08010030                _free_r
 .text.rshift   0x080100c4       0xa4 /opt/st/stm32cubeide_1.15.1_2/plugins/com.st.stm32cube.ide.mcu.externaltools.gnu-tools-for-stm32.12.3.rel1.linux64_1.0.100.202403111256/tools/bin/../lib/gcc/arm-none-eabi/12.3.1/../../../../arm-none-eabi/lib/thumb/v7e-m+fp/hard/libc_nano.a(libc_a-gdtoa-gethex.o)
 .text.__hexdig_fun
                0x08010168       0x2a /opt/st/stm32cubeide_1.15.1_2/plugins/com.st.stm32cube.ide.mcu.externaltools.gnu-tools-for-stm32.12.3.rel1.linux64_1.0.100.202403111256/tools/bin/../lib/gcc/arm-none-eabi/12.3.1/../../../../arm-none-eabi/lib/thumb/v7e-m+fp/hard/libc_nano.a(libc_a-gdtoa-gethex.o)
                0x08010168                __hexdig_fun
 *fill*         0x08010192        0x2 
 .text.__gethex
                0x08010194      0x420 /opt/st/stm32cubeide_1.15.1_2/plugins/com.st.stm32cube.ide.mcu.externaltools.gnu-tools-for-stm32.12.3.rel1.linux64_1.0.100.202403111256/tools/bin/../lib/gcc/arm-none-eabi/12.3.1/../../../../arm-none-eabi/lib/thumb/v7e-m+fp/hard/libc_nano.a(libc_a-gdtoa-gethex.o)
                0x08010194                __gethex
 .text.L_shift  0x080105b4       0x24 /opt/st/stm32cubeide_1.15.1_2/plugins/com.st.stm32cube.ide.mcu.externaltools.gnu-tools-for-stm32.12.3.rel1.linux64_1.0.100.202403111256/tools/bin/../lib/gcc/arm-none-eabi/12.3.1/../../../../arm-none-eabi/lib/thumb/v7e-m+fp/hard/libc_nano.a(libc_a-gdtoa-hexnan.o)
 .text.__match  0x080105d8       0x28 /opt/st/stm32cubeide_1.15.1_2/plugins/com.st.stm32cube.ide.mcu.externaltools.gnu-tools-for-stm32.12.3.rel1.linux64_1.0.100.202403111256/tools/bin/../lib/gcc/arm-none-eabi/12.3.1/../../../../arm-none-eabi/lib/thumb/v7e-m+fp/hard/libc_nano.a(libc_a-gdtoa-hexnan.o)
                0x080105d8                __match
 .text.__hexnan
                0x08010600      0x136 /opt/st/stm32cubeide_1.15.1_2/plugins/com.st.stm32cube.ide.mcu.externaltools.gnu-tools-for-stm32.12.3.rel1.linux64_1.0.100.202403111256/tools/bin/../lib/gcc/arm-none-eabi/12.3.1/../../../../arm-none-eabi/lib/thumb/v7e-m+fp/hard/libc_nano.a(libc_a-gdtoa-hexnan.o)
                0x08010600                __hexnan
 .text.__ascii_mbtowc
                0x08010736       0x24 /opt/st/stm32cubeide_1.15.1_2/plugins/com.st.stm32cube.ide.mcu.externaltools.gnu-tools-for-stm32.12.3.rel1.linux64_1.0.100.202403111256/tools/bin/../lib/gcc/arm-none-eabi/12.3.1/../../../../arm-none-eabi/lib/thumb/v7e-m+fp/hard/libc_nano.a(libc_a-mbtowc_r.o)
                0x08010736                __ascii_mbtowc
 *fill*         0x0801075a        0x2 
 .text._Balloc  0x0801075c       0x80 /opt/st/stm32cubeide_1.15.1_2/plugins/com.st.stm32cube.ide.mcu.externaltools.gnu-tools-for-stm32.12.3.rel1.linux64_1.0.100.202403111256/tools/bin/../lib/gcc/arm-none-eabi/12.3.1/../../../../arm-none-eabi/lib/thumb/v7e-m+fp/hard/libc_nano.a(libc_a-mprec.o)
                0x0801075c                _Balloc
 .text._Bfree   0x080107dc       0x44 /opt/st/stm32cubeide_1.15.1_2/plugins/com.st.stm32cube.ide.mcu.externaltools.gnu-tools-for-stm32.12.3.rel1.linux64_1.0.100.202403111256/tools/bin/../lib/gcc/arm-none-eabi/12.3.1/../../../../arm-none-eabi/lib/thumb/v7e-m+fp/hard/libc_nano.a(libc_a-mprec.o)
                0x080107dc                _Bfree
 .text.__multadd
                0x08010820       0x8c /opt/st/stm32cubeide_1.15.1_2/plugins/com.st.stm32cube.ide.mcu.externaltools.gnu-tools-for-stm32.12.3.rel1.linux64_1.0.100.202403111256/tools/bin/../lib/gcc/arm-none-eabi/12.3.1/../../../../arm-none-eabi/lib/thumb/v7e-m+fp/hard/libc_nano.a(libc_a-mprec.o)
                0x08010820                __multadd
 .text.__s2b    0x080108ac       0x94 /opt/st/stm32cubeide_1.15.1_2/plugins/com.st.stm32cube.ide.mcu.externaltools.gnu-tools-for-stm32.12.3.rel1.linux64_1.0.100.202403111256/tools/bin/../lib/gcc/arm-none-eabi/12.3.1/../../../../arm-none-eabi/lib/thumb/v7e-m+fp/hard/libc_nano.a(libc_a-mprec.o)
                0x080108ac                __s2b
 .text.__hi0bits
                0x08010940       0x3e /opt/st/stm32cubeide_1.15.1_2/plugins/com.st.stm32cube.ide.mcu.externaltools.gnu-tools-for-stm32.12.3.rel1.linux64_1.0.100.202403111256/tools/bin/../lib/gcc/arm-none-eabi/12.3.1/../../../../arm-none-eabi/lib/thumb/v7e-m+fp/hard/libc_nano.a(libc_a-mprec.o)
                0x08010940                __hi0bits
 .text.__lo0bits
                0x0801097e       0x5a /opt/st/stm32cubeide_1.15.1_2/plugins/com.st.stm32cube.ide.mcu.externaltools.gnu-tools-for-stm32.12.3.rel1.linux64_1.0.100.202403111256/tools/bin/../lib/gcc/arm-none-eabi/12.3.1/../../../../arm-none-eabi/lib/thumb/v7e-m+fp/hard/libc_nano.a(libc_a-mprec.o)
                0x0801097e                __lo0bits
 .text.__i2b    0x080109d8       0x2c /opt/st/stm32cubeide_1.15.1_2/plugins/com.st.stm32cube.ide.mcu.externaltools.gnu-tools-for-stm32.12.3.rel1.linux64_1.0.100.202403111256/tools/bin/../lib/gcc/arm-none-eabi/12.3.1/../../../../arm-none-eabi/lib/thumb/v7e-m+fp/hard/libc_nano.a(libc_a-mprec.o)
                0x080109d8                __i2b
 .text.__multiply
                0x08010a04      0x154 /opt/st/stm32cubeide_1.15.1_2/plugins/com.st.stm32cube.ide.mcu.externaltools.gnu-tools-for-stm32.12.3.rel1.linux64_1.0.100.202403111256/tools/bin/../lib/gcc/arm-none-eabi/12.3.1/../../../../arm-none-eabi/lib/thumb/v7e-m+fp/hard/libc_nano.a(libc_a-mprec.o)
                0x08010a04                __multiply
 .text.__pow5mult
                0x08010b58       0xb4 /opt/st/stm32cubeide_1.15.1_2/plugins/com.st.stm32cube.ide.mcu.externaltools.gnu-tools-for-stm32.12.3.rel1.linux64_1.0.100.202403111256/tools/bin/../lib/gcc/arm-none-eabi/12.3.1/../../../../arm-none-eabi/lib/thumb/v7e-m+fp/hard/libc_nano.a(libc_a-mprec.o)
                0x08010b58                __pow5mult
 .text.__lshift
                0x08010c0c       0xd8 /opt/st/stm32cubeide_1.15.1_2/plugins/com.st.stm32cube.ide.mcu.externaltools.gnu-tools-for-stm32.12.3.rel1.linux64_1.0.100.202403111256/tools/bin/../lib/gcc/arm-none-eabi/12.3.1/../../../../arm-none-eabi/lib/thumb/v7e-m+fp/hard/libc_nano.a(libc_a-mprec.o)
                0x08010c0c                __lshift
 .text.__mcmp   0x08010ce4       0x36 /opt/st/stm32cubeide_1.15.1_2/plugins/com.st.stm32cube.ide.mcu.externaltools.gnu-tools-for-stm32.12.3.rel1.linux64_1.0.100.202403111256/tools/bin/../lib/gcc/arm-none-eabi/12.3.1/../../../../arm-none-eabi/lib/thumb/v7e-m+fp/hard/libc_nano.a(libc_a-mprec.o)
                0x08010ce4                __mcmp
 *fill*         0x08010d1a        0x2 
 .text.__mdiff  0x08010d1c      0x128 /opt/st/stm32cubeide_1.15.1_2/plugins/com.st.stm32cube.ide.mcu.externaltools.gnu-tools-for-stm32.12.3.rel1.linux64_1.0.100.202403111256/tools/bin/../lib/gcc/arm-none-eabi/12.3.1/../../../../arm-none-eabi/lib/thumb/v7e-m+fp/hard/libc_nano.a(libc_a-mprec.o)
                0x08010d1c                __mdiff
 .text.__ulp    0x08010e44       0x4c /opt/st/stm32cubeide_1.15.1_2/plugins/com.st.stm32cube.ide.mcu.externaltools.gnu-tools-for-stm32.12.3.rel1.linux64_1.0.100.202403111256/tools/bin/../lib/gcc/arm-none-eabi/12.3.1/../../../../arm-none-eabi/lib/thumb/v7e-m+fp/hard/libc_nano.a(libc_a-mprec.o)
                0x08010e44                __ulp
 .text.__b2d    0x08010e90       0x94 /opt/st/stm32cubeide_1.15.1_2/plugins/com.st.stm32cube.ide.mcu.externaltools.gnu-tools-for-stm32.12.3.rel1.linux64_1.0.100.202403111256/tools/bin/../lib/gcc/arm-none-eabi/12.3.1/../../../../arm-none-eabi/lib/thumb/v7e-m+fp/hard/libc_nano.a(libc_a-mprec.o)
                0x08010e90                __b2d
 .text.__d2b    0x08010f24       0xb0 /opt/st/stm32cubeide_1.15.1_2/plugins/com.st.stm32cube.ide.mcu.externaltools.gnu-tools-for-stm32.12.3.rel1.linux64_1.0.100.202403111256/tools/bin/../lib/gcc/arm-none-eabi/12.3.1/../../../../arm-none-eabi/lib/thumb/v7e-m+fp/hard/libc_nano.a(libc_a-mprec.o)
                0x08010f24                __d2b
 .text.__ratio  0x08010fd4       0x64 /opt/st/stm32cubeide_1.15.1_2/plugins/com.st.stm32cube.ide.mcu.externaltools.gnu-tools-for-stm32.12.3.rel1.linux64_1.0.100.202403111256/tools/bin/../lib/gcc/arm-none-eabi/12.3.1/../../../../arm-none-eabi/lib/thumb/v7e-m+fp/hard/libc_nano.a(libc_a-mprec.o)
                0x08010fd4                __ratio
 .text.__copybits
                0x08011038       0x46 /opt/st/stm32cubeide_1.15.1_2/plugins/com.st.stm32cube.ide.mcu.externaltools.gnu-tools-for-stm32.12.3.rel1.linux64_1.0.100.202403111256/tools/bin/../lib/gcc/arm-none-eabi/12.3.1/../../../../arm-none-eabi/lib/thumb/v7e-m+fp/hard/libc_nano.a(libc_a-mprec.o)
                0x08011038                __copybits
 .text.__any_on
                0x0801107e       0x42 /opt/st/stm32cubeide_1.15.1_2/plugins/com.st.stm32cube.ide.mcu.externaltools.gnu-tools-for-stm32.12.3.rel1.linux64_1.0.100.202403111256/tools/bin/../lib/gcc/arm-none-eabi/12.3.1/../../../../arm-none-eabi/lib/thumb/v7e-m+fp/hard/libc_nano.a(libc_a-mprec.o)
                0x0801107e                __any_on
 .text._malloc_usable_size_r
                0x080110c0       0x10 /opt/st/stm32cubeide_1.15.1_2/plugins/com.st.stm32cube.ide.mcu.externaltools.gnu-tools-for-stm32.12.3.rel1.linux64_1.0.100.202403111256/tools/bin/../lib/gcc/arm-none-eabi/12.3.1/../../../../arm-none-eabi/lib/thumb/v7e-m+fp/hard/libc_nano.a(libc_a-msizer.o)
                0x080110c0                _malloc_usable_size_r
 .text.__ascii_wctomb
                0x080110d0       0x1a /opt/st/stm32cubeide_1.15.1_2/plugins/com.st.stm32cube.ide.mcu.externaltools.gnu-tools-for-stm32.12.3.rel1.linux64_1.0.100.202403111256/tools/bin/../lib/gcc/arm-none-eabi/12.3.1/../../../../arm-none-eabi/lib/thumb/v7e-m+fp/hard/libc_nano.a(libc_a-wctomb_r.o)
                0x080110d0                __ascii_wctomb
 .text.__ssputs_r
                0x080110ea       0xb6 /opt/st/stm32cubeide_1.15.1_2/plugins/com.st.stm32cube.ide.mcu.externaltools.gnu-tools-for-stm32.12.3.rel1.linux64_1.0.100.202403111256/tools/bin/../lib/gcc/arm-none-eabi/12.3.1/../../../../arm-none-eabi/lib/thumb/v7e-m+fp/hard/libc_nano.a(libc_a-nano-svfprintf.o)
                0x080110ea                __ssputs_r
 .text._svfprintf_r
                0x080111a0      0x1f8 /opt/st/stm32cubeide_1.15.1_2/plugins/com.st.stm32cube.ide.mcu.externaltools.gnu-tools-for-stm32.12.3.rel1.linux64_1.0.100.202403111256/tools/bin/../lib/gcc/arm-none-eabi/12.3.1/../../../../arm-none-eabi/lib/thumb/v7e-m+fp/hard/libc_nano.a(libc_a-nano-svfprintf.o)
                0x080111a0                _svfprintf_r
                0x080111a0                _svfiprintf_r
 .text._sungetc_r
                0x08011398       0x76 /opt/st/stm32cubeide_1.15.1_2/plugins/com.st.stm32cube.ide.mcu.externaltools.gnu-tools-for-stm32.12.3.rel1.linux64_1.0.100.202403111256/tools/bin/../lib/gcc/arm-none-eabi/12.3.1/../../../../arm-none-eabi/lib/thumb/v7e-m+fp/hard/libc_nano.a(libc_a-nano-svfscanf.o)
                0x08011398                _sungetc_r
 .text.__ssrefill_r
                0x0801140e       0x3a /opt/st/stm32cubeide_1.15.1_2/plugins/com.st.stm32cube.ide.mcu.externaltools.gnu-tools-for-stm32.12.3.rel1.linux64_1.0.100.202403111256/tools/bin/../lib/gcc/arm-none-eabi/12.3.1/../../../../arm-none-eabi/lib/thumb/v7e-m+fp/hard/libc_nano.a(libc_a-nano-svfscanf.o)
                0x0801140e                __ssrefill_r
 .text.__ssvfscanf_r
                0x08011448      0x2e8 /opt/st/stm32cubeide_1.15.1_2/plugins/com.st.stm32cube.ide.mcu.externaltools.gnu-tools-for-stm32.12.3.rel1.linux64_1.0.100.202403111256/tools/bin/../lib/gcc/arm-none-eabi/12.3.1/../../../../arm-none-eabi/lib/thumb/v7e-m+fp/hard/libc_nano.a(libc_a-nano-svfscanf.o)
                0x08011448                __ssvfscanf_r
                0x08011448                __ssvfiscanf_r
 .text.__sfputc_r
                0x08011730       0x2e /opt/st/stm32cubeide_1.15.1_2/plugins/com.st.stm32cube.ide.mcu.externaltools.gnu-tools-for-stm32.12.3.rel1.linux64_1.0.100.202403111256/tools/bin/../lib/gcc/arm-none-eabi/12.3.1/../../../../arm-none-eabi/lib/thumb/v7e-m+fp/hard/libc_nano.a(libc_a-nano-vfprintf.o)
 .text.__sfputs_r