../Core/Src/main.c:246:5:main	8	static
../Core/Src/main.c:339:6:SystemClock_Config	88	static
../Core/Src/main.c:386:13:MX_TIM1_Init	96	static
../Core/Src/main.c:473:13:MX_TIM2_Init	56	static
../Core/Src/main.c:522:13:MX_TIM3_Init	56	static
../Core/Src/main.c:571:13:MX_TIM4_Init	56	static
../Core/Src/main.c:620:13:MX_TIM5_Init	56	static
../Core/Src/main.c:669:13:MX_TIM10_Init	8	static
../Core/Src/main.c:700:13:MX_USART2_UART_Init	8	static
../Core/Src/main.c:733:13:MX_USART6_UART_Init	8	static
../Core/Src/main.c:764:13:MX_DMA_Init	16	static
../Core/Src/main.c:782:13:MX_GPIO_Init	48	static
../Core/Src/main.c:833:5:_write	24	static
../Core/Src/main.c:838:13:uart_lwpkt_evt_fn	88	static
../Core/Src/main.c:888:6:HAL_UARTEx_RxEventCallback	16	static
../Core/Src/main.c:894:6:HAL_GPIO_EXTI_Callback	24	static
../Core/Src/main.c:909:6:callback	16	static
../Core/Src/main.c:926:6:StartDefaultTask	112	static
../Core/Src/main.c:981:6:HAL_TIM_PeriodElapsedCallback	40	static,ignoring_inline_asm
../Core/Src/main.c:1018:6:Error_Handler	4	static,ignoring_inline_asm
